tohost located at 0x80001000
Running file /mnt/c/Users/every/Documents/Programming/risc-v/utoss_riscv_dv/logs/out_utoss_smoke/asm_test/utoss_rv32i_basic_smoke_0.o.
ELF Entry @ 0x80000000
CSR mstatus <- 0x0000000000000000 (input: 0x00000000)
mem[X,0b0000000000000000000001000000000000] -> 0x0297
mem[X,0b0000000000000000000001000000000010] -> 0x0000
[0] [M]: 0x00001000 (0x00000297) auipc t0, 0x0
x5 <- 0x00001000
mem[X,0b0000000000000000000001000000000100] -> 0x8593
mem[X,0b0000000000000000000001000000000110] -> 0x0202
[1] [M]: 0x00001004 (0x02028593) addi a1, t0, 0x20
x11 <- 0x00001020
mem[X,0b0000000000000000000001000000001000] -> 0x2573
mem[X,0b0000000000000000000001000000001010] -> 0xF140
[2] [M]: 0x00001008 (0xF1402573) csrrs a0, mhartid, zero
CSR mhartid -> 0x00000000
x10 <- 0x00000000
mem[X,0b0000000000000000000001000000001100] -> 0xA283
mem[X,0b0000000000000000000001000000001110] -> 0x0182
[3] [M]: 0x0000100C (0x0182A283) lw t0, 0x18(t0)
mem[R,0b0000000000000000000001000000011000] -> 0x80000000
x5 <- 0x80000000
mem[X,0b0000000000000000000001000000010000] -> 0x8067
mem[X,0b0000000000000000000001000000010010] -> 0x0002
[4] [M]: 0x00001010 (0x00028067) jalr zero, 0x0(t0)
mem[X,0b0010000000000000000000000000000000] -> 0x22F3
mem[X,0b0010000000000000000000000000000010] -> 0xF140
[5] [M]: 0x80000000 (0xF14022F3) csrrs t0, mhartid, zero
CSR mhartid -> 0x00000000
x5 <- 0x00000000
mem[X,0b0010000000000000000000000000000100] -> 0x0313
mem[X,0b0010000000000000000000000000000110] -> 0x0000
[6] [M]: 0x80000004 (0x00000313) addi t1, zero, 0x0
x6 <- 0x00000000
mem[X,0b0010000000000000000000000000001000] -> 0x8263
mem[X,0b0010000000000000000000000000001010] -> 0x0062
[7] [M]: 0x80000008 (0x00628263) beq t0, t1, 0x4
mem[X,0b0010000000000000000000000000001100] -> 0x0F97
mem[X,0b0010000000000000000000000000001110] -> 0x0000
[8] [M]: 0x8000000C (0x00000F97) auipc t6, 0x0
x31 <- 0x8000000C
mem[X,0b0010000000000000000000000000010000] -> 0x8F93
mem[X,0b0010000000000000000000000000010010] -> 0x00CF
[9] [M]: 0x80000010 (0x00CF8F93) addi t6, t6, 0xc
x31 <- 0x80000018
mem[X,0b0010000000000000000000000000010100] -> 0x8067
mem[X,0b0010000000000000000000000000010110] -> 0x000F
[10] [M]: 0x80000014 (0x000F8067) jalr zero, 0x0(t6)
mem[X,0b0010000000000000000000000000011000] -> 0xD037
mem[X,0b0010000000000000000000000000011010] -> 0x48A0
[11] [M]: 0x80000018 (0x48A0D037) lui zero, 0x48a0d
mem[X,0b0010000000000000000000000000011100] -> 0x0013
mem[X,0b0010000000000000000000000000011110] -> 0x0990
[12] [M]: 0x8000001C (0x09900013) addi zero, zero, 0x99
mem[X,0b0010000000000000000000000000100000] -> 0xA0B7
mem[X,0b0010000000000000000000000000100010] -> 0xF24D
[13] [M]: 0x80000020 (0xF24DA0B7) lui ra, -0xdb26
x1 <- 0xF24DA000
mem[X,0b0010000000000000000000000000100100] -> 0x8093
mem[X,0b0010000000000000000000000000100110] -> 0xEDA0
[14] [M]: 0x80000024 (0xEDA08093) addi ra, ra, -0x126
x1 <- 0xF24D9EDA
mem[X,0b0010000000000000000000000000101000] -> 0x0113
mem[X,0b0010000000000000000000000000101010] -> 0x0000
[15] [M]: 0x80000028 (0x00000113) addi sp, zero, 0x0
x2 <- 0x00000000
mem[X,0b0010000000000000000000000000101100] -> 0x01B7
mem[X,0b0010000000000000000000000000101110] -> 0x8000
[16] [M]: 0x8000002C (0x800001B7) lui gp, -0x80000
x3 <- 0x80000000
mem[X,0b0010000000000000000000000000110000] -> 0x0213
mem[X,0b0010000000000000000000000000110010] -> 0x0000
[17] [M]: 0x80000030 (0x00000213) addi tp, zero, 0x0
x4 <- 0x00000000
mem[X,0b0010000000000000000000000000110100] -> 0x02B7
mem[X,0b0010000000000000000000000000110110] -> 0x8000
[18] [M]: 0x80000034 (0x800002B7) lui t0, -0x80000
x5 <- 0x80000000
mem[X,0b0010000000000000000000000000111000] -> 0x0337
mem[X,0b0010000000000000000000000000111010] -> 0x8000
[19] [M]: 0x80000038 (0x80000337) lui t1, -0x80000
x6 <- 0x80000000
mem[X,0b0010000000000000000000000000111100] -> 0xF3B7
mem[X,0b0010000000000000000000000000111110] -> 0xFA36
[20] [M]: 0x8000003C (0xFA36F3B7) lui t2, -0x5c91
x7 <- 0xFA36F000
mem[X,0b0010000000000000000000000001000000] -> 0x8393
mem[X,0b0010000000000000000000000001000010] -> 0xDAD3
[21] [M]: 0x80000040 (0xDAD38393) addi t2, t2, -0x253
x7 <- 0xFA36EDAD
mem[X,0b0010000000000000000000000001000100] -> 0x9437
mem[X,0b0010000000000000000000000001000110] -> 0xFC25
[22] [M]: 0x80000044 (0xFC259437) lui fp, -0x3da7
x8 <- 0xFC259000
mem[X,0b0010000000000000000000000001001000] -> 0x0413
mem[X,0b0010000000000000000000000001001010] -> 0x9C24
[23] [M]: 0x80000048 (0x9C240413) addi fp, fp, -0x63e
x8 <- 0xFC2589C2
mem[X,0b0010000000000000000000000001001100] -> 0x74B7
mem[X,0b0010000000000000000000000001001110] -> 0xF9A8
[24] [M]: 0x8000004C (0xF9A874B7) lui s1, -0x6579
x9 <- 0xF9A87000
mem[X,0b0010000000000000000000000001010000] -> 0x8493
mem[X,0b0010000000000000000000000001010010] -> 0x6364
[25] [M]: 0x80000050 (0x63648493) addi s1, s1, 0x636
x9 <- 0xF9A87636
mem[X,0b0010000000000000000000000001010100] -> 0x0537
mem[X,0b0010000000000000000000000001010110] -> 0x8000
[26] [M]: 0x80000054 (0x80000537) lui a0, -0x80000
x10 <- 0x80000000
mem[X,0b0010000000000000000000000001011000] -> 0x05B7
mem[X,0b0010000000000000000000000001011010] -> 0x94BE
[27] [M]: 0x80000058 (0x94BE05B7) lui a1, -0x6b420
x11 <- 0x94BE0000
mem[X,0b0010000000000000000000000001011100] -> 0x8593
mem[X,0b0010000000000000000000000001011110] -> 0x5045
[28] [M]: 0x8000005C (0x50458593) addi a1, a1, 0x504
x11 <- 0x94BE0504
mem[X,0b0010000000000000000000000001100000] -> 0x0613
mem[X,0b0010000000000000000000000001100010] -> 0x00A0
[29] [M]: 0x80000060 (0x00A00613) addi a2, zero, 0xa
x12 <- 0x0000000A
mem[X,0b0010000000000000000000000001100100] -> 0x56B7
mem[X,0b0010000000000000000000000001100110] -> 0x7909
[30] [M]: 0x80000064 (0x790956B7) lui a3, 0x79095
x13 <- 0x79095000
mem[X,0b0010000000000000000000000001101000] -> 0x8693
mem[X,0b0010000000000000000000000001101010] -> 0xEF76
[31] [M]: 0x80000068 (0xEF768693) addi a3, a3, -0x109
x13 <- 0x79094EF7
mem[X,0b0010000000000000000000000001101100] -> 0x0737
mem[X,0b0010000000000000000000000001101110] -> 0xF4AD
[32] [M]: 0x8000006C (0xF4AD0737) lui a4, -0xb530
x14 <- 0xF4AD0000
mem[X,0b0010000000000000000000000001110000] -> 0x0713
mem[X,0b0010000000000000000000000001110010] -> 0x3A87
[33] [M]: 0x80000070 (0x3A870713) addi a4, a4, 0x3a8
x14 <- 0xF4AD03A8
mem[X,0b0010000000000000000000000001110100] -> 0x07B7
mem[X,0b0010000000000000000000000001110110] -> 0xFCAB
[34] [M]: 0x80000074 (0xFCAB07B7) lui a5, -0x3550
x15 <- 0xFCAB0000
mem[X,0b0010000000000000000000000001111000] -> 0x8793
mem[X,0b0010000000000000000000000001111010] -> 0xB8A7
[35] [M]: 0x80000078 (0xB8A78793) addi a5, a5, -0x476
x15 <- 0xFCAAFB8A
mem[X,0b0010000000000000000000000001111100] -> 0x0813
mem[X,0b0010000000000000000000000001111110] -> 0x0010
[36] [M]: 0x8000007C (0x00100813) addi a6, zero, 0x1
x16 <- 0x00000001
mem[X,0b0010000000000000000000000010000000] -> 0x0893
mem[X,0b0010000000000000000000000010000010] -> 0x0000
[37] [M]: 0x80000080 (0x00000893) addi a7, zero, 0x0
x17 <- 0x00000000
mem[X,0b0010000000000000000000000010000100] -> 0x0913
mem[X,0b0010000000000000000000000010000110] -> 0x0000
[38] [M]: 0x80000084 (0x00000913) addi s2, zero, 0x0
x18 <- 0x00000000
mem[X,0b0010000000000000000000000010001000] -> 0x0993
mem[X,0b0010000000000000000000000010001010] -> 0x00B0
[39] [M]: 0x80000088 (0x00B00993) addi s3, zero, 0xb
x19 <- 0x0000000B
mem[X,0b0010000000000000000000000010001100] -> 0x0A37
mem[X,0b0010000000000000000000000010001110] -> 0x8000
[40] [M]: 0x8000008C (0x80000A37) lui s4, -0x80000
x20 <- 0x80000000
mem[X,0b0010000000000000000000000010010000] -> 0x0AB7
mem[X,0b0010000000000000000000000010010010] -> 0x8000
[41] [M]: 0x80000090 (0x80000AB7) lui s5, -0x80000
x21 <- 0x80000000
mem[X,0b0010000000000000000000000010010100] -> 0x9B37
mem[X,0b0010000000000000000000000010010110] -> 0xD54D
[42] [M]: 0x80000094 (0xD54D9B37) lui s6, -0x2ab27
x22 <- 0xD54D9000
mem[X,0b0010000000000000000000000010011000] -> 0x0B13
mem[X,0b0010000000000000000000000010011010] -> 0xFEFB
[43] [M]: 0x80000098 (0xFEFB0B13) addi s6, s6, -0x11
x22 <- 0xD54D8FEF
mem[X,0b0010000000000000000000000010011100] -> 0x0B93
mem[X,0b0010000000000000000000000010011110] -> 0x00D0
[44] [M]: 0x8000009C (0x00D00B93) addi s7, zero, 0xd
x23 <- 0x0000000D
mem[X,0b0010000000000000000000000010100000] -> 0x0C13
mem[X,0b0010000000000000000000000010100010] -> 0x0000
[45] [M]: 0x800000A0 (0x00000C13) addi s8, zero, 0x0
x24 <- 0x00000000
mem[X,0b0010000000000000000000000010100100] -> 0x0CB7
mem[X,0b0010000000000000000000000010100110] -> 0xD01C
[46] [M]: 0x800000A4 (0xD01C0CB7) lui s9, -0x2fe40
x25 <- 0xD01C0000
mem[X,0b0010000000000000000000000010101000] -> 0x8C93
mem[X,0b0010000000000000000000000010101010] -> 0x119C
[47] [M]: 0x800000A8 (0x119C8C93) addi s9, s9, 0x119
x25 <- 0xD01C0119
mem[X,0b0010000000000000000000000010101100] -> 0x0D13
mem[X,0b0010000000000000000000000010101110] -> 0x00C0
[48] [M]: 0x800000AC (0x00C00D13) addi s10, zero, 0xc
x26 <- 0x0000000C
mem[X,0b0010000000000000000000000010110000] -> 0x4DB7
mem[X,0b0010000000000000000000000010110010] -> 0xF1FB
[49] [M]: 0x800000B0 (0xF1FB4DB7) lui s11, -0xe04c
x27 <- 0xF1FB4000
mem[X,0b0010000000000000000000000010110100] -> 0x8D93
mem[X,0b0010000000000000000000000010110110] -> 0xDFCD
[50] [M]: 0x800000B4 (0xDFCD8D93) addi s11, s11, -0x204
x27 <- 0xF1FB3DFC
mem[X,0b0010000000000000000000000010111000] -> 0xDE37
mem[X,0b0010000000000000000000000010111010] -> 0xC089
[51] [M]: 0x800000B8 (0xC089DE37) lui t3, -0x3f763
x28 <- 0xC089D000
mem[X,0b0010000000000000000000000010111100] -> 0x0E13
mem[X,0b0010000000000000000000000010111110] -> 0xAF8E
[52] [M]: 0x800000BC (0xAF8E0E13) addi t3, t3, -0x508
x28 <- 0xC089CAF8
mem[X,0b0010000000000000000000000011000000] -> 0x0F93
mem[X,0b0010000000000000000000000011000010] -> 0x00A0
[53] [M]: 0x800000C0 (0x00A00F93) addi t6, zero, 0xa
x31 <- 0x0000000A
mem[X,0b0010000000000000000000000011000100] -> 0x8E97
mem[X,0b0010000000000000000000000011000110] -> 0x0000
[54] [M]: 0x800000C4 (0x00008E97) auipc t4, 0x8
x29 <- 0x800080C4
mem[X,0b0010000000000000000000000011001000] -> 0x8E93
mem[X,0b0010000000000000000000000011001010] -> 0xDA0E
[55] [M]: 0x800000C8 (0xDA0E8E93) addi t4, t4, -0x260
x29 <- 0x80007E64
mem[X,0b0010000000000000000000000011001100] -> 0x3133
mem[X,0b0010000000000000000000000011001110] -> 0x0046
[56] [M]: 0x800000CC (0x00463133) sltu sp, a2, tp
x2 <- 0x00000000
mem[X,0b0010000000000000000000000011010000] -> 0xE633
mem[X,0b0010000000000000000000000011010010] -> 0x01A9
[57] [M]: 0x800000D0 (0x01A9E633) or a2, s3, s10
x12 <- 0x0000000F
mem[X,0b0010000000000000000000000011010100] -> 0x0093
mem[X,0b0010000000000000000000000011010110] -> 0x2929
[58] [M]: 0x800000D4 (0x29290093) addi ra, s2, 0x292
x1 <- 0x00000292
mem[X,0b0010000000000000000000000011011000] -> 0x7013
mem[X,0b0010000000000000000000000011011010] -> 0xFC0B
[59] [M]: 0x800000D8 (0xFC0B7013) andi zero, s6, -0x40
mem[X,0b0010000000000000000000000011011100] -> 0x3293
mem[X,0b0010000000000000000000000011011110] -> 0x032C
[60] [M]: 0x800000DC (0x032C3293) sltiu t0, s8, 0x32
x5 <- 0x00000001
mem[X,0b0010000000000000000000000011100000] -> 0xBD93
mem[X,0b0010000000000000000000000011100010] -> 0x0579
[61] [M]: 0x800000E0 (0x0579BD93) sltiu s11, s3, 0x57
x27 <- 0x00000001
mem[X,0b0010000000000000000000000011100100] -> 0x9AB3
mem[X,0b0010000000000000000000000011100110] -> 0x012E
[62] [M]: 0x800000E4 (0x012E9AB3) sll s5, t4, s2
x21 <- 0x80007E64
mem[X,0b0010000000000000000000000011101000] -> 0x82B3
mem[X,0b0010000000000000000000000011101010] -> 0x41E6
[63] [M]: 0x800000E8 (0x41E682B3) sub t0, a3, t5
x5 <- 0x79094EF7
mem[X,0b0010000000000000000000000011101100] -> 0x9613
mem[X,0b0010000000000000000000000011101110] -> 0x01E6
[64] [M]: 0x800000EC (0x01E69613) slli a2, a3, 0x1e
x12 <- 0xC0000000
mem[X,0b0010000000000000000000000011110000] -> 0x0013
mem[X,0b0010000000000000000000000011110010] -> 0x0000
[65] [M]: 0x800000F0 (0x00000013) addi zero, zero, 0x0
mem[X,0b0010000000000000000000000011110100] -> 0x2413
mem[X,0b0010000000000000000000000011110110] -> 0x5260
[66] [M]: 0x800000F4 (0x52602413) slti fp, zero, 0x526
x8 <- 0x00000001
mem[X,0b0010000000000000000000000011111000] -> 0x7813
mem[X,0b0010000000000000000000000011111010] -> 0xDB83
[67] [M]: 0x800000F8 (0xDB837813) andi a6, t1, -0x248
x16 <- 0x80000000
mem[X,0b0010000000000000000000000011111100] -> 0xA997
mem[X,0b0010000000000000000000000011111110] -> 0xF06F
[68] [M]: 0x800000FC (0xF06FA997) auipc s3, -0xf906
x19 <- 0x706FA0FC
mem[X,0b0010000000000000000000000100000000] -> 0xF7B7
mem[X,0b0010000000000000000000000100000010] -> 0x0E75
[69] [M]: 0x80000100 (0x0E75F7B7) lui a5, 0xe75f
x15 <- 0x0E75F000
mem[X,0b0010000000000000000000000100000100] -> 0x41B3
mem[X,0b0010000000000000000000000100000110] -> 0x0063
[70] [M]: 0x80000104 (0x006341B3) xor gp, t1, t1
x3 <- 0x00000000
mem[X,0b0010000000000000000000000100001000] -> 0xA793
mem[X,0b0010000000000000000000000100001010] -> 0x5430
[71] [M]: 0x80000108 (0x5430A793) slti a5, ra, 0x543
x15 <- 0x00000001
mem[X,0b0010000000000000000000000100001100] -> 0x8CB3
mem[X,0b0010000000000000000000000100001110] -> 0x411F
[72] [M]: 0x8000010C (0x411F8CB3) sub s9, t6, a7
x25 <- 0x0000000A
mem[X,0b0010000000000000000000000100010000] -> 0x0A13
mem[X,0b0010000000000000000000000100010010] -> 0x0472
[73] [M]: 0x80000110 (0x04720A13) addi s4, tp, 0x47
x20 <- 0x00000047
mem[X,0b0010000000000000000000000100010100] -> 0x9397
mem[X,0b0010000000000000000000000100010110] -> 0x9C78
[74] [M]: 0x80000114 (0x9C789397) auipc t2, -0x63877
x7 <- 0x1C789114
mem[X,0b0010000000000000000000000100011000] -> 0x9833
mem[X,0b0010000000000000000000000100011010] -> 0x018F
[75] [M]: 0x80000118 (0x018F9833) sll a6, t6, s8
x16 <- 0x0000000A
mem[X,0b0010000000000000000000000100011100] -> 0xC393
mem[X,0b0010000000000000000000000100011110] -> 0x9314
[76] [M]: 0x8000011C (0x9314C393) xori t2, s1, -0x6cf
x7 <- 0x06578F07
mem[X,0b0010000000000000000000000100100000] -> 0x33B7
mem[X,0b0010000000000000000000000100100010] -> 0x8275
[77] [M]: 0x80000120 (0x827533B7) lui t2, -0x7d8ad
x7 <- 0x82753000
mem[X,0b0010000000000000000000000100100100] -> 0x2813
mem[X,0b0010000000000000000000000100100110] -> 0xFE64
[78] [M]: 0x80000124 (0xFE642813) slti a6, fp, -0x1a
x16 <- 0x00000000
mem[X,0b0010000000000000000000000100101000] -> 0x1293
mem[X,0b0010000000000000000000000100101010] -> 0x01EB
[79] [M]: 0x80000128 (0x01EB1293) slli t0, s6, 0x1e
x5 <- 0xC0000000
mem[X,0b0010000000000000000000000100101100] -> 0x2D17
mem[X,0b0010000000000000000000000100101110] -> 0x5779
[80] [M]: 0x8000012C (0x57792D17) auipc s10, 0x57792
x26 <- 0xD779212C
mem[X,0b0010000000000000000000000100110000] -> 0xE733
mem[X,0b0010000000000000000000000100110010] -> 0x0080
[81] [M]: 0x80000130 (0x0080E733) or a4, ra, fp
x14 <- 0x00000293
mem[X,0b0010000000000000000000000100110100] -> 0x5813
mem[X,0b0010000000000000000000000100110110] -> 0x0103
[82] [M]: 0x80000134 (0x01035813) srli a6, t1, 0x10
x16 <- 0x00008000
mem[X,0b0010000000000000000000000100111000] -> 0x2B13
mem[X,0b0010000000000000000000000100111010] -> 0x8122
[83] [M]: 0x80000138 (0x81222B13) slti s6, tp, -0x7ee
x22 <- 0x00000000
mem[X,0b0010000000000000000000000100111100] -> 0xB533
mem[X,0b0010000000000000000000000100111110] -> 0x01A1
[84] [M]: 0x8000013C (0x01A1B533) sltu a0, gp, s10
x10 <- 0x00000001
mem[X,0b0010000000000000000000000101000000] -> 0xD033
mem[X,0b0010000000000000000000000101000010] -> 0x403E
[85] [M]: 0x80000140 (0x403ED033) sra zero, t4, gp
mem[X,0b0010000000000000000000000101000100] -> 0x0F97
mem[X,0b0010000000000000000000000101000110] -> 0x0000
[86] [M]: 0x80000144 (0x00000F97) auipc t6, 0x0
x31 <- 0x80000144
mem[X,0b0010000000000000000000000101001000] -> 0x8F93
mem[X,0b0010000000000000000000000101001010] -> 0x00CF
[87] [M]: 0x80000148 (0x00CF8F93) addi t6, t6, 0xc
x31 <- 0x80000150
mem[X,0b0010000000000000000000000101001100] -> 0x8067
mem[X,0b0010000000000000000000000101001110] -> 0x000F
[88] [M]: 0x8000014C (0x000F8067) jalr zero, 0x0(t6)
mem[X,0b0010000000000000000000000101010000] -> 0x0193
mem[X,0b0010000000000000000000000101010010] -> 0x0010
[89] [M]: 0x80000150 (0x00100193) addi gp, zero, 0x1
x3 <- 0x00000001
mem[X,0b0010000000000000000000000101010100] -> 0x006F
mem[X,0b0010000000000000000000000101010110] -> 0x0040
[90] [M]: 0x80000154 (0x0040006F) jal zero, 0x4
mem[X,0b0010000000000000000000000101011000] -> 0x1F17
mem[X,0b0010000000000000000000000101011010] -> 0x0000
[91] [M]: 0x80000158 (0x00001F17) auipc t5, 0x1
x30 <- 0x80001158
mem[X,0b0010000000000000000000000101011100] -> 0x2423
mem[X,0b0010000000000000000000000101011110] -> 0xEA3F
[92] [M]: 0x8000015C (0xEA3F2423) sw gp, -0x158(t5)
htif[0b0010000000000000000001000000000000] <- 0x00000001
mem[X,0b0010000000000000000000000101100000] -> 0xF06F
mem[X,0b0010000000000000000000000101100010] -> 0xFF9F
[93] [M]: 0x80000160 (0xFF9FF06F) jal zero, -0x8
mem[X,0b0010000000000000000000000101011000] -> 0x1F17
mem[X,0b0010000000000000000000000101011010] -> 0x0000
[94] [M]: 0x80000158 (0x00001F17) auipc t5, 0x1
x30 <- 0x80001158
mem[X,0b0010000000000000000000000101011100] -> 0x2423
mem[X,0b0010000000000000000000000101011110] -> 0xEA3F
[95] [M]: 0x8000015C (0xEA3F2423) sw gp, -0x158(t5)
htif[0b0010000000000000000001000000000000] <- 0x00000001
mem[X,0b0010000000000000000000000101100000] -> 0xF06F
mem[X,0b0010000000000000000000000101100010] -> 0xFF9F
[96] [M]: 0x80000160 (0xFF9FF06F) jal zero, -0x8
mem[X,0b0010000000000000000000000101011000] -> 0x1F17
mem[X,0b0010000000000000000000000101011010] -> 0x0000
[97] [M]: 0x80000158 (0x00001F17) auipc t5, 0x1
x30 <- 0x80001158
mem[X,0b0010000000000000000000000101011100] -> 0x2423
mem[X,0b0010000000000000000000000101011110] -> 0xEA3F
[98] [M]: 0x8000015C (0xEA3F2423) sw gp, -0x158(t5)
htif[0b0010000000000000000001000000000000] <- 0x00000001
htif-syscall-proxy cmd: 0x000000000001
SUCCESS
