loading memory from <utoss_riscv_dv/logs/out_utoss_smoke/asm_test/utoss_rv32i_basic_smoke_0.mem>
memory loaded
dut.watch_tohost: waiting for tohost...
dut.watch_tohost: watching tohost at address <4096>
dut.watch_timeout: waiting for timeout...
================ Pipeline Cycle 0 ================
Hazard ctrl: stall_f=0 stall_d=0 flush_f=0 flush_d=0 flush_e=0
IF : pc=00000000 instr=f14022f3 op=unknown rs1=zero rs2=s4 rd=t0 imem_addr=00000000
ID : pc=00000000 instr=00000000 op=unknown rs1=zero rs2=zero rd=zero imm=00000000
EX : pc=00000000 rd1=00000000 rd2=00000000 alu_ctl=0 alu_result=00000000 branch=0 jump=0 pc_src=0 pc_target=00000000 rd=zero regwrite=0 memwrite=0
MEM: pc=00000000 addr=00000000 we=0000 wdata=00000000 rdata=f14022f3 alu_result=00000000 rd=zero result_src=0 regwrite=0
WB : pc=00000000 rd=zero(0) regwrite=0 result_src=0 wb_result=00000000 alu_result=00000000
=====================================================

================ Pipeline Cycle 1 ================
Hazard ctrl: stall_f=0 stall_d=0 flush_f=0 flush_d=0 flush_e=0
IF : pc=00000000 instr=f14022f3 op=unknown rs1=zero rs2=s4 rd=t0 imem_addr=00000004
ID : pc=00000000 instr=f14022f3 op=unknown rs1=zero rs2=s4 rd=t0 imm=00000000
EX : pc=00000000 rd1=00000000 rd2=00000000 alu_ctl=0 alu_result=00000000 branch=0 jump=0 pc_src=0 pc_target=00000000 rd=zero regwrite=0 memwrite=0
MEM: pc=00000000 addr=00000000 we=0000 wdata=00000000 rdata=f14022f3 alu_result=00000000 rd=zero result_src=0 regwrite=0
WB : pc=00000000 rd=zero(0) regwrite=0 result_src=0 wb_result=00000000 alu_result=00000000
=====================================================

================ Pipeline Cycle 2 ================
Hazard ctrl: stall_f=0 stall_d=0 flush_f=0 flush_d=0 flush_e=0
IF : pc=00000004 instr=00000313 op=addi rs1=zero rs2=zero rd=t1 imem_addr=00000008
ID : pc=00000000 instr=f14022f3 op=unknown rs1=zero rs2=s4 rd=t0 imm=00000000
EX : pc=00000000 rd1=00000000 rd2=00000000 alu_ctl=0 alu_result=00000000 branch=0 jump=0 pc_src=0 pc_target=00000000 rd=zero regwrite=0 memwrite=0
MEM: pc=00000000 addr=00000000 we=0000 wdata=00000000 rdata=f14022f3 alu_result=00000000 rd=zero result_src=0 regwrite=0
WB : pc=00000000 rd=zero(0) regwrite=0 result_src=0 wb_result=00000000 alu_result=00000000
=====================================================

================ Pipeline Cycle 3 ================
Hazard ctrl: stall_f=0 stall_d=0 flush_f=0 flush_d=0 flush_e=0
IF : pc=00000008 instr=00628263 op=beq rs1=t0 rs2=t1 rd=tp imem_addr=0000000c
ID : pc=00000004 instr=00000313 op=addi rs1=zero rs2=zero rd=t1 imm=00000000
EX : pc=00000000 rd1=00000000 rd2=00000000 alu_ctl=0 alu_result=00000000 branch=0 jump=0 pc_src=0 pc_target=00000000 rd=zero regwrite=0 memwrite=0
MEM: pc=00000000 addr=00000000 we=0000 wdata=00000000 rdata=f14022f3 alu_result=00000000 rd=zero result_src=0 regwrite=0
WB : pc=00000000 rd=zero(0) regwrite=0 result_src=0 wb_result=00000000 alu_result=00000000
=====================================================

================ Pipeline Cycle 4 ================
Hazard ctrl: stall_f=0 stall_d=0 flush_f=0 flush_d=0 flush_e=0
IF : pc=0000000c instr=00000f97 op=auipc rs1=zero rs2=zero rd=t6 imem_addr=00000010
ID : pc=00000008 instr=00628263 op=beq rs1=t0 rs2=t1 rd=tp imm=00000000
EX : pc=00000004 rd1=00000000 rd2=00000000 alu_ctl=0 alu_result=00000000 branch=0 jump=0 pc_src=0 pc_target=00000004 rd=t1 regwrite=1 memwrite=0
MEM: pc=00000000 addr=00000000 we=0000 wdata=00000000 rdata=f14022f3 alu_result=00000000 rd=zero result_src=0 regwrite=0
WB : pc=00000000 rd=zero(0) regwrite=0 result_src=0 wb_result=00000000 alu_result=00000000
=====================================================

================ Pipeline Cycle 5 ================
Hazard ctrl: stall_f=0 stall_d=0 flush_f=1 flush_d=1 flush_e=1
IF : pc=00000010 instr=00cf8f93 op=addi rs1=t6 rs2=a2 rd=t6 imem_addr=00000014
ID : pc=0000000c instr=00000f97 op=auipc rs1=zero rs2=zero rd=t6 imm=00000004
EX : pc=00000008 rd1=00000000 rd2=00000000 alu_ctl=1 alu_result=00000000 branch=1 jump=0 pc_src=1 pc_target=0000000c rd=zero regwrite=0 memwrite=0
MEM: pc=00000004 addr=00000000 we=0000 wdata=00000000 rdata=f14022f3 alu_result=00000000 rd=t1 result_src=0 regwrite=1
WB : pc=00000000 rd=zero(0) regwrite=0 result_src=0 wb_result=00000000 alu_result=00000000
=====================================================

================ Pipeline Cycle 6 ================
Hazard ctrl: stall_f=0 stall_d=0 flush_f=1 flush_d=1 flush_e=1
IF : pc=00000014 instr=000f8067 op=jalr rs1=t6 rs2=zero rd=zero imem_addr=0000000c
ID : pc=00000000 instr=00000000 op=unknown rs1=zero rs2=zero rd=zero imm=00000000
EX : pc=00000000 rd1=00000000 rd2=00000000 alu_ctl=0 alu_result=00000000 branch=0 jump=0 pc_src=0 pc_target=00000000 rd=zero regwrite=0 memwrite=0
MEM: pc=00000008 addr=00000000 we=0000 wdata=00000000 rdata=f14022f3 alu_result=00000000 rd=zero result_src=0 regwrite=0
WB : pc=00000004 rd=t1(6) regwrite=1 result_src=0 wb_result=00000000 alu_result=00000000
=====================================================

================ Pipeline Cycle 7 ================
Hazard ctrl: stall_f=0 stall_d=0 flush_f=0 flush_d=0 flush_e=0
IF : pc=0000000c instr=00000f97 op=auipc rs1=zero rs2=zero rd=t6 imem_addr=00000010
ID : pc=00000000 instr=00000000 op=unknown rs1=zero rs2=zero rd=zero imm=00000000
EX : pc=00000000 rd1=00000000 rd2=00000000 alu_ctl=0 alu_result=00000000 branch=0 jump=0 pc_src=0 pc_target=00000000 rd=zero regwrite=0 memwrite=0
MEM: pc=00000000 addr=00000000 we=0000 wdata=00000000 rdata=f14022f3 alu_result=00000000 rd=zero result_src=0 regwrite=0
WB : pc=00000008 rd=zero(0) regwrite=0 result_src=0 wb_result=00000000 alu_result=00000000
=====================================================

================ Pipeline Cycle 8 ================
Hazard ctrl: stall_f=0 stall_d=0 flush_f=0 flush_d=0 flush_e=0
IF : pc=00000010 instr=00cf8f93 op=addi rs1=t6 rs2=a2 rd=t6 imem_addr=00000014
ID : pc=0000000c instr=00000f97 op=auipc rs1=zero rs2=zero rd=t6 imm=00000000
EX : pc=00000000 rd1=00000000 rd2=00000000 alu_ctl=0 alu_result=00000000 branch=0 jump=0 pc_src=0 pc_target=00000000 rd=zero regwrite=0 memwrite=0
MEM: pc=00000000 addr=00000000 we=0000 wdata=00000000 rdata=f14022f3 alu_result=00000000 rd=zero result_src=0 regwrite=0
WB : pc=00000000 rd=zero(0) regwrite=0 result_src=0 wb_result=00000000 alu_result=00000000
=====================================================

================ Pipeline Cycle 9 ================
Hazard ctrl: stall_f=0 stall_d=0 flush_f=0 flush_d=0 flush_e=0
IF : pc=00000014 instr=000f8067 op=jalr rs1=t6 rs2=zero rd=zero imem_addr=00000018
ID : pc=00000010 instr=00cf8f93 op=addi rs1=t6 rs2=a2 rd=t6 imm=00000000
EX : pc=0000000c rd1=00000000 rd2=00000000 alu_ctl=0 alu_result=0000000c branch=0 jump=0 pc_src=0 pc_target=0000000c rd=t6 regwrite=1 memwrite=0
MEM: pc=00000000 addr=00000000 we=0000 wdata=00000000 rdata=f14022f3 alu_result=00000000 rd=zero result_src=0 regwrite=0
WB : pc=00000000 rd=zero(0) regwrite=0 result_src=0 wb_result=00000000 alu_result=00000000
=====================================================

================ Pipeline Cycle 10 ================
Hazard ctrl: stall_f=0 stall_d=0 flush_f=0 flush_d=0 flush_e=0
IF : pc=00000018 instr=48a0d037 op=lui rs1=ra rs2=a0 rd=zero imem_addr=0000001c
ID : pc=00000014 instr=000f8067 op=jalr rs1=t6 rs2=zero rd=zero imm=0000000c
EX : pc=00000010 rd1=00000000 rd2=00000000 alu_ctl=0 alu_result=00000018 branch=0 jump=0 pc_src=0 pc_target=0000001c rd=t6 regwrite=1 memwrite=0
MEM: pc=0000000c addr=0000000c we=0000 wdata=00000000 rdata=f14022f3 alu_result=0000000c rd=t6 result_src=0 regwrite=1
WB : pc=00000000 rd=zero(0) regwrite=0 result_src=0 wb_result=00000000 alu_result=00000000
=====================================================

================ Pipeline Cycle 11 ================
Hazard ctrl: stall_f=0 stall_d=0 flush_f=1 flush_d=1 flush_e=1
IF : pc=0000001c instr=09900013 op=addi rs1=zero rs2=s9 rd=zero imem_addr=00000020
ID : pc=00000018 instr=48a0d037 op=lui rs1=ra rs2=a0 rd=zero imm=00000000
EX : pc=00000014 rd1=00000000 rd2=00000000 alu_ctl=0 alu_result=00000018 branch=0 jump=1 pc_src=1 pc_target=00000018 rd=zero regwrite=1 memwrite=0
MEM: pc=00000010 addr=00000018 we=0000 wdata=00000000 rdata=00000f97 alu_result=00000018 rd=t6 result_src=0 regwrite=1
WB : pc=0000000c rd=t6(31) regwrite=1 result_src=0 wb_result=0000000c alu_result=0000000c
=====================================================

================ Pipeline Cycle 12 ================
Hazard ctrl: stall_f=0 stall_d=0 flush_f=1 flush_d=1 flush_e=1
IF : pc=00000020 instr=f24da0b7 op=lui rs1=s11 rs2=tp rd=ra imem_addr=00000018
ID : pc=00000000 instr=00000000 op=unknown rs1=zero rs2=zero rd=zero imm=00000000
EX : pc=00000000 rd1=00000000 rd2=00000000 alu_ctl=0 alu_result=00000000 branch=0 jump=0 pc_src=0 pc_target=00000000 rd=zero regwrite=0 memwrite=0
MEM: pc=00000014 addr=00000018 we=0000 wdata=00000000 rdata=48a0d037 alu_result=00000018 rd=zero result_src=2 regwrite=1
WB : pc=00000010 rd=t6(31) regwrite=1 result_src=0 wb_result=00000018 alu_result=00000018
=====================================================

================ Pipeline Cycle 13 ================
Hazard ctrl: stall_f=0 stall_d=0 flush_f=0 flush_d=0 flush_e=0
IF : pc=00000018 instr=48a0d037 op=lui rs1=ra rs2=a0 rd=zero imem_addr=0000001c
ID : pc=00000000 instr=00000000 op=unknown rs1=zero rs2=zero rd=zero imm=00000000
EX : pc=00000000 rd1=00000000 rd2=00000000 alu_ctl=0 alu_result=00000000 branch=0 jump=0 pc_src=0 pc_target=00000000 rd=zero regwrite=0 memwrite=0
MEM: pc=00000000 addr=00000000 we=0000 wdata=00000000 rdata=48a0d037 alu_result=00000000 rd=zero result_src=0 regwrite=0
WB : pc=00000014 rd=zero(0) regwrite=1 result_src=2 wb_result=00000018 alu_result=00000018
=====================================================

================ Pipeline Cycle 14 ================
Hazard ctrl: stall_f=0 stall_d=0 flush_f=0 flush_d=0 flush_e=0
IF : pc=0000001c instr=09900013 op=addi rs1=zero rs2=s9 rd=zero imem_addr=00000020
ID : pc=00000018 instr=48a0d037 op=lui rs1=ra rs2=a0 rd=zero imm=00000000
EX : pc=00000000 rd1=00000000 rd2=00000000 alu_ctl=0 alu_result=00000000 branch=0 jump=0 pc_src=0 pc_target=00000000 rd=zero regwrite=0 memwrite=0
MEM: pc=00000000 addr=00000000 we=0000 wdata=00000000 rdata=f14022f3 alu_result=00000000 rd=zero result_src=0 regwrite=0
WB : pc=00000000 rd=zero(0) regwrite=0 result_src=0 wb_result=00000000 alu_result=00000000
=====================================================

================ Pipeline Cycle 15 ================
Hazard ctrl: stall_f=0 stall_d=0 flush_f=0 flush_d=0 flush_e=0
IF : pc=00000020 instr=f24da0b7 op=lui rs1=s11 rs2=tp rd=ra imem_addr=00000024
ID : pc=0000001c instr=09900013 op=addi rs1=zero rs2=s9 rd=zero imm=48a0d000
EX : pc=00000018 rd1=00000000 rd2=00000000 alu_ctl=0 alu_result=48a0d000 branch=0 jump=0 pc_src=0 pc_target=48a0d018 rd=zero regwrite=1 memwrite=0
MEM: pc=00000000 addr=00000000 we=0000 wdata=00000000 rdata=f14022f3 alu_result=00000000 rd=zero result_src=0 regwrite=0
WB : pc=00000000 rd=zero(0) regwrite=0 result_src=0 wb_result=00000000 alu_result=00000000
=====================================================

================ Pipeline Cycle 16 ================
Hazard ctrl: stall_f=0 stall_d=0 flush_f=0 flush_d=0 flush_e=0
IF : pc=00000024 instr=eda08093 op=addi rs1=ra rs2=s10 rd=ra imem_addr=00000028
ID : pc=00000020 instr=f24da0b7 op=lui rs1=s11 rs2=tp rd=ra imm=00000099
EX : pc=0000001c rd1=00000000 rd2=00000000 alu_ctl=0 alu_result=00000099 branch=0 jump=0 pc_src=0 pc_target=000000b5 rd=zero regwrite=1 memwrite=0
MEM: pc=00000018 addr=48a0d000 we=0000 wdata=00000000 rdata=f14022f3 alu_result=48a0d000 rd=zero result_src=0 regwrite=1
WB : pc=00000000 rd=zero(0) regwrite=0 result_src=0 wb_result=00000000 alu_result=00000000
=====================================================

================ Pipeline Cycle 17 ================
Hazard ctrl: stall_f=0 stall_d=0 flush_f=0 flush_d=0 flush_e=0
IF : pc=00000028 instr=00000113 op=addi rs1=zero rs2=zero rd=sp imem_addr=0000002c
ID : pc=00000024 instr=eda08093 op=addi rs1=ra rs2=s10 rd=ra imm=f24da000
EX : pc=00000020 rd1=00000000 rd2=00000000 alu_ctl=0 alu_result=f24da000 branch=0 jump=0 pc_src=0 pc_target=f24da020 rd=ra regwrite=1 memwrite=0
MEM: pc=0000001c addr=00000099 we=0000 wdata=00000000 rdata=00000000 alu_result=00000099 rd=zero result_src=0 regwrite=1
WB : pc=00000018 rd=zero(0) regwrite=1 result_src=0 wb_result=48a0d000 alu_result=48a0d000
=====================================================

================ Pipeline Cycle 18 ================
Hazard ctrl: stall_f=0 stall_d=0 flush_f=0 flush_d=0 flush_e=0
IF : pc=0000002c instr=800001b7 op=lui rs1=zero rs2=zero rd=gp imem_addr=00000030
ID : pc=00000028 instr=00000113 op=addi rs1=zero rs2=zero rd=sp imm=fffffeda
EX : pc=00000024 rd1=00000000 rd2=00000000 alu_ctl=0 alu_result=f24d9eda branch=0 jump=0 pc_src=0 pc_target=fffffefe rd=ra regwrite=1 memwrite=0
MEM: pc=00000020 addr=f24da000 we=0000 wdata=00000000 rdata=fefb0b13 alu_result=f24da000 rd=ra result_src=0 regwrite=1
WB : pc=0000001c rd=zero(0) regwrite=1 result_src=0 wb_result=00000099 alu_result=00000099
=====================================================

================ Pipeline Cycle 19 ================
Hazard ctrl: stall_f=0 stall_d=0 flush_f=0 flush_d=0 flush_e=0
IF : pc=00000030 instr=00000213 op=addi rs1=zero rs2=zero rd=tp imem_addr=00000034
ID : pc=0000002c instr=800001b7 op=lui rs1=zero rs2=zero rd=gp imm=00000000
EX : pc=00000028 rd1=00000000 rd2=00000000 alu_ctl=0 alu_result=00000000 branch=0 jump=0 pc_src=0 pc_target=00000028 rd=sp regwrite=1 memwrite=0
MEM: pc=00000024 addr=f24d9eda we=0000 wdata=00000000 rdata=00000000 alu_result=f24d9eda rd=ra result_src=0 regwrite=1
WB : pc=00000020 rd=ra(1) regwrite=1 result_src=0 wb_result=f24da000 alu_result=f24da000
=====================================================

================ Pipeline Cycle 20 ================
Hazard ctrl: stall_f=0 stall_d=0 flush_f=0 flush_d=0 flush_e=0
IF : pc=00000034 instr=800002b7 op=lui rs1=zero rs2=zero rd=t0 imem_addr=00000038
ID : pc=00000030 instr=00000213 op=addi rs1=zero rs2=zero rd=tp imm=80000000
EX : pc=0000002c rd1=00000000 rd2=00000000 alu_ctl=0 alu_result=80000000 branch=0 jump=0 pc_src=0 pc_target=8000002c rd=gp regwrite=1 memwrite=0
MEM: pc=00000028 addr=00000000 we=0000 wdata=00000000 rdata=00000000 alu_result=00000000 rd=sp result_src=0 regwrite=1
WB : pc=00000024 rd=ra(1) regwrite=1 result_src=0 wb_result=f24d9eda alu_result=f24d9eda
=====================================================

================ Pipeline Cycle 21 ================
Hazard ctrl: stall_f=0 stall_d=0 flush_f=0 flush_d=0 flush_e=0
IF : pc=00000038 instr=80000337 op=lui rs1=zero rs2=zero rd=t1 imem_addr=0000003c
ID : pc=00000034 instr=800002b7 op=lui rs1=zero rs2=zero rd=t0 imm=00000000
EX : pc=00000030 rd1=00000000 rd2=00000000 alu_ctl=0 alu_result=00000000 branch=0 jump=0 pc_src=0 pc_target=00000030 rd=tp regwrite=1 memwrite=0
MEM: pc=0000002c addr=80000000 we=0000 wdata=00000000 rdata=f14022f3 alu_result=80000000 rd=gp result_src=0 regwrite=1
WB : pc=00000028 rd=sp(2) regwrite=1 result_src=0 wb_result=00000000 alu_result=00000000
=====================================================

================ Pipeline Cycle 22 ================
Hazard ctrl: stall_f=0 stall_d=0 flush_f=0 flush_d=0 flush_e=0
IF : pc=0000003c instr=fa36f3b7 op=lui rs1=a3 rs2=gp rd=t2 imem_addr=00000040
ID : pc=00000038 instr=80000337 op=lui rs1=zero rs2=zero rd=t1 imm=80000000
EX : pc=00000034 rd1=00000000 rd2=00000000 alu_ctl=0 alu_result=80000000 branch=0 jump=0 pc_src=0 pc_target=80000034 rd=t0 regwrite=1 memwrite=0
MEM: pc=00000030 addr=00000000 we=0000 wdata=00000000 rdata=f14022f3 alu_result=00000000 rd=tp result_src=0 regwrite=1
WB : pc=0000002c rd=gp(3) regwrite=1 result_src=0 wb_result=80000000 alu_result=80000000
=====================================================

================ Pipeline Cycle 23 ================
Hazard ctrl: stall_f=0 stall_d=0 flush_f=0 flush_d=0 flush_e=0
IF : pc=00000040 instr=dad38393 op=addi rs1=t2 rs2=a3 rd=t2 imem_addr=00000044
ID : pc=0000003c instr=fa36f3b7 op=lui rs1=a3 rs2=gp rd=t2 imm=80000000
EX : pc=00000038 rd1=00000000 rd2=00000000 alu_ctl=0 alu_result=80000000 branch=0 jump=0 pc_src=0 pc_target=80000038 rd=t1 regwrite=1 memwrite=0
MEM: pc=00000034 addr=80000000 we=0000 wdata=00000000 rdata=f14022f3 alu_result=80000000 rd=t0 result_src=0 regwrite=1
WB : pc=00000030 rd=tp(4) regwrite=1 result_src=0 wb_result=00000000 alu_result=00000000
=====================================================

================ Pipeline Cycle 24 ================
Hazard ctrl: stall_f=0 stall_d=0 flush_f=0 flush_d=0 flush_e=0
IF : pc=00000044 instr=fc259437 op=lui rs1=a1 rs2=sp rd=s0 imem_addr=00000048
ID : pc=00000040 instr=dad38393 op=addi rs1=t2 rs2=a3 rd=t2 imm=fa36f000
EX : pc=0000003c rd1=00000000 rd2=00000000 alu_ctl=0 alu_result=fa36f000 branch=0 jump=0 pc_src=0 pc_target=fa36f03c rd=t2 regwrite=1 memwrite=0
MEM: pc=00000038 addr=80000000 we=0000 wdata=00000000 rdata=f14022f3 alu_result=80000000 rd=t1 result_src=0 regwrite=1
WB : pc=00000034 rd=t0(5) regwrite=1 result_src=0 wb_result=80000000 alu_result=80000000
=====================================================

================ Pipeline Cycle 25 ================
Hazard ctrl: stall_f=0 stall_d=0 flush_f=0 flush_d=0 flush_e=0
IF : pc=00000048 instr=9c240413 op=addi rs1=s0 rs2=sp rd=s0 imem_addr=0000004c
ID : pc=00000044 instr=fc259437 op=lui rs1=a1 rs2=sp rd=s0 imm=fffffdad
EX : pc=00000040 rd1=00000000 rd2=00000000 alu_ctl=0 alu_result=fa36edad branch=0 jump=0 pc_src=0 pc_target=fffffded rd=t2 regwrite=1 memwrite=0
MEM: pc=0000003c addr=fa36f000 we=0000 wdata=00000000 rdata=f14022f3 alu_result=fa36f000 rd=t2 result_src=0 regwrite=1
WB : pc=00000038 rd=t1(6) regwrite=1 result_src=0 wb_result=80000000 alu_result=80000000
=====================================================

================ Pipeline Cycle 26 ================
Hazard ctrl: stall_f=0 stall_d=0 flush_f=0 flush_d=0 flush_e=0
IF : pc=0000004c instr=f9a874b7 op=lui rs1=a6 rs2=s10 rd=s1 imem_addr=00000050
ID : pc=00000048 instr=9c240413 op=addi rs1=s0 rs2=sp rd=s0 imm=fc259000
EX : pc=00000044 rd1=00000000 rd2=00000000 alu_ctl=0 alu_result=fc259000 branch=0 jump=0 pc_src=0 pc_target=fc259044 rd=s0 regwrite=1 memwrite=0
MEM: pc=00000040 addr=fa36edad we=0000 wdata=00000000 rdata=00000000 alu_result=fa36edad rd=t2 result_src=0 regwrite=1
WB : pc=0000003c rd=t2(7) regwrite=1 result_src=0 wb_result=fa36f000 alu_result=fa36f000
=====================================================

================ Pipeline Cycle 27 ================
Hazard ctrl: stall_f=0 stall_d=0 flush_f=0 flush_d=0 flush_e=0
IF : pc=00000050 instr=63648493 op=addi rs1=s1 rs2=s6 rd=s1 imem_addr=00000054
ID : pc=0000004c instr=f9a874b7 op=lui rs1=a6 rs2=s10 rd=s1 imm=fffff9c2
EX : pc=00000048 rd1=00000000 rd2=00000000 alu_ctl=0 alu_result=fc2589c2 branch=0 jump=0 pc_src=0 pc_target=fffffa0a rd=s0 regwrite=1 memwrite=0
MEM: pc=00000044 addr=fc259000 we=0000 wdata=00000000 rdata=00000000 alu_result=fc259000 rd=s0 result_src=0 regwrite=1
WB : pc=00000040 rd=t2(7) regwrite=1 result_src=0 wb_result=fa36edad alu_result=fa36edad
=====================================================

================ Pipeline Cycle 28 ================
Hazard ctrl: stall_f=0 stall_d=0 flush_f=0 flush_d=0 flush_e=0
IF : pc=00000054 instr=80000537 op=lui rs1=zero rs2=zero rd=a0 imem_addr=00000058
ID : pc=00000050 instr=63648493 op=addi rs1=s1 rs2=s6 rd=s1 imm=f9a87000
EX : pc=0000004c rd1=00000000 rd2=00000000 alu_ctl=0 alu_result=f9a87000 branch=0 jump=0 pc_src=0 pc_target=f9a8704c rd=s1 regwrite=1 memwrite=0
MEM: pc=00000048 addr=fc2589c2 we=0000 wdata=00000000 rdata=00000000 alu_result=fc2589c2 rd=s0 result_src=0 regwrite=1
WB : pc=00000044 rd=s0(8) regwrite=1 result_src=0 wb_result=fc259000 alu_result=fc259000
=====================================================

================ Pipeline Cycle 29 ================
Hazard ctrl: stall_f=0 stall_d=0 flush_f=0 flush_d=0 flush_e=0
IF : pc=00000058 instr=94be05b7 op=lui rs1=t3 rs2=a1 rd=a1 imem_addr=0000005c
ID : pc=00000054 instr=80000537 op=lui rs1=zero rs2=zero rd=a0 imm=00000636
EX : pc=00000050 rd1=00000000 rd2=00000000 alu_ctl=0 alu_result=f9a87636 branch=0 jump=0 pc_src=0 pc_target=00000686 rd=s1 regwrite=1 memwrite=0
MEM: pc=0000004c addr=f9a87000 we=0000 wdata=00000000 rdata=00000000 alu_result=f9a87000 rd=s1 result_src=0 regwrite=1
WB : pc=00000048 rd=s0(8) regwrite=1 result_src=0 wb_result=fc2589c2 alu_result=fc2589c2
=====================================================

================ Pipeline Cycle 30 ================
Hazard ctrl: stall_f=0 stall_d=0 flush_f=0 flush_d=0 flush_e=0
IF : pc=0000005c instr=50458593 op=addi rs1=a1 rs2=tp rd=a1 imem_addr=00000060
ID : pc=00000058 instr=94be05b7 op=lui rs1=t3 rs2=a1 rd=a1 imm=80000000
EX : pc=00000054 rd1=00000000 rd2=00000000 alu_ctl=0 alu_result=80000000 branch=0 jump=0 pc_src=0 pc_target=80000054 rd=a0 regwrite=1 memwrite=0
MEM: pc=00000050 addr=f9a87636 we=0000 wdata=00000000 rdata=00000000 alu_result=f9a87636 rd=s1 result_src=0 regwrite=1
WB : pc=0000004c rd=s1(9) regwrite=1 result_src=0 wb_result=f9a87000 alu_result=f9a87000
=====================================================

================ Pipeline Cycle 31 ================
Hazard ctrl: stall_f=0 stall_d=0 flush_f=0 flush_d=0 flush_e=0
IF : pc=00000060 instr=00a00613 op=addi rs1=zero rs2=a0 rd=a2 imem_addr=00000064
ID : pc=0000005c instr=50458593 op=addi rs1=a1 rs2=tp rd=a1 imm=94be0000
EX : pc=00000058 rd1=00000000 rd2=00000000 alu_ctl=0 alu_result=94be0000 branch=0 jump=0 pc_src=0 pc_target=94be0058 rd=a1 regwrite=1 memwrite=0
MEM: pc=00000054 addr=80000000 we=0000 wdata=00000000 rdata=00000000 alu_result=80000000 rd=a0 result_src=0 regwrite=1
WB : pc=00000050 rd=s1(9) regwrite=1 result_src=0 wb_result=f9a87636 alu_result=f9a87636
=====================================================

================ Pipeline Cycle 32 ================
Hazard ctrl: stall_f=0 stall_d=0 flush_f=0 flush_d=0 flush_e=0
IF : pc=00000064 instr=790956b7 op=lui rs1=s2 rs2=a6 rd=a3 imem_addr=00000068
ID : pc=00000060 instr=00a00613 op=addi rs1=zero rs2=a0 rd=a2 imm=00000504
EX : pc=0000005c rd1=00000000 rd2=00000000 alu_ctl=0 alu_result=94be0504 branch=0 jump=0 pc_src=0 pc_target=00000560 rd=a1 regwrite=1 memwrite=0
MEM: pc=00000058 addr=94be0000 we=0000 wdata=00000000 rdata=f14022f3 alu_result=94be0000 rd=a1 result_src=0 regwrite=1
WB : pc=00000054 rd=a0(10) regwrite=1 result_src=0 wb_result=80000000 alu_result=80000000
=====================================================

================ Pipeline Cycle 33 ================
Hazard ctrl: stall_f=0 stall_d=0 flush_f=0 flush_d=0 flush_e=0
IF : pc=00000068 instr=ef768693 op=addi rs1=a3 rs2=s7 rd=a3 imem_addr=0000006c
ID : pc=00000064 instr=790956b7 op=lui rs1=s2 rs2=a6 rd=a3 imm=0000000a
EX : pc=00000060 rd1=00000000 rd2=00000000 alu_ctl=0 alu_result=0000000a branch=0 jump=0 pc_src=0 pc_target=0000006a rd=a2 regwrite=1 memwrite=0
MEM: pc=0000005c addr=94be0504 we=0000 wdata=00000000 rdata=00000000 alu_result=94be0504 rd=a1 result_src=0 regwrite=1
WB : pc=00000058 rd=a1(11) regwrite=1 result_src=0 wb_result=94be0000 alu_result=94be0000
=====================================================

================ Pipeline Cycle 34 ================
Hazard ctrl: stall_f=0 stall_d=0 flush_f=0 flush_d=0 flush_e=0
IF : pc=0000006c instr=f4ad0737 op=lui rs1=s10 rs2=a0 rd=a4 imem_addr=00000070
ID : pc=00000068 instr=ef768693 op=addi rs1=a3 rs2=s7 rd=a3 imm=79095000
EX : pc=00000064 rd1=00000000 rd2=00000000 alu_ctl=0 alu_result=79095000 branch=0 jump=0 pc_src=0 pc_target=79095064 rd=a3 regwrite=1 memwrite=0
MEM: pc=00000060 addr=0000000a we=0000 wdata=00000000 rdata=00000000 alu_result=0000000a rd=a2 result_src=0 regwrite=1
WB : pc=0000005c rd=a1(11) regwrite=1 result_src=0 wb_result=94be0504 alu_result=94be0504
=====================================================

================ Pipeline Cycle 35 ================
Hazard ctrl: stall_f=0 stall_d=0 flush_f=0 flush_d=0 flush_e=0
IF : pc=00000070 instr=3a870713 op=addi rs1=a4 rs2=s0 rd=a4 imem_addr=00000074
ID : pc=0000006c instr=f4ad0737 op=lui rs1=s10 rs2=a0 rd=a4 imm=fffffef7
EX : pc=00000068 rd1=00000000 rd2=00000000 alu_ctl=0 alu_result=79094ef7 branch=0 jump=0 pc_src=0 pc_target=ffffff5f rd=a3 regwrite=1 memwrite=0
MEM: pc=00000064 addr=79095000 we=0000 wdata=00000000 rdata=00628263 alu_result=79095000 rd=a3 result_src=0 regwrite=1
WB : pc=00000060 rd=a2(12) regwrite=1 result_src=0 wb_result=0000000a alu_result=0000000a
=====================================================

================ Pipeline Cycle 36 ================
Hazard ctrl: stall_f=0 stall_d=0 flush_f=0 flush_d=0 flush_e=0
IF : pc=00000074 instr=fcab07b7 op=lui rs1=s6 rs2=a0 rd=a5 imem_addr=00000078
ID : pc=00000070 instr=3a870713 op=addi rs1=a4 rs2=s0 rd=a4 imm=f4ad0000
EX : pc=0000006c rd1=00000000 rd2=00000000 alu_ctl=0 alu_result=f4ad0000 branch=0 jump=0 pc_src=0 pc_target=f4ad006c rd=a4 regwrite=1 memwrite=0
MEM: pc=00000068 addr=79094ef7 we=0000 wdata=00000000 rdata=00000000 alu_result=79094ef7 rd=a3 result_src=0 regwrite=1
WB : pc=00000064 rd=a3(13) regwrite=1 result_src=0 wb_result=79095000 alu_result=79095000
=====================================================

================ Pipeline Cycle 37 ================
Hazard ctrl: stall_f=0 stall_d=0 flush_f=0 flush_d=0 flush_e=0
IF : pc=00000078 instr=b8a78793 op=addi rs1=a5 rs2=a0 rd=a5 imem_addr=0000007c
ID : pc=00000074 instr=fcab07b7 op=lui rs1=s6 rs2=a0 rd=a5 imm=000003a8
EX : pc=00000070 rd1=00000000 rd2=00000000 alu_ctl=0 alu_result=f4ad03a8 branch=0 jump=0 pc_src=0 pc_target=00000418 rd=a4 regwrite=1 memwrite=0
MEM: pc=0000006c addr=f4ad0000 we=0000 wdata=00000000 rdata=00000000 alu_result=f4ad0000 rd=a4 result_src=0 regwrite=1
WB : pc=00000068 rd=a3(13) regwrite=1 result_src=0 wb_result=79094ef7 alu_result=79094ef7
=====================================================

================ Pipeline Cycle 38 ================
Hazard ctrl: stall_f=0 stall_d=0 flush_f=0 flush_d=0 flush_e=0
IF : pc=0000007c instr=00100813 op=addi rs1=zero rs2=ra rd=a6 imem_addr=00000080
ID : pc=00000078 instr=b8a78793 op=addi rs1=a5 rs2=a0 rd=a5 imm=fcab0000
EX : pc=00000074 rd1=00000000 rd2=00000000 alu_ctl=0 alu_result=fcab0000 branch=0 jump=0 pc_src=0 pc_target=fcab0074 rd=a5 regwrite=1 memwrite=0
MEM: pc=00000070 addr=f4ad03a8 we=0000 wdata=00000000 rdata=00000000 alu_result=f4ad03a8 rd=a4 result_src=0 regwrite=1
WB : pc=0000006c rd=a4(14) regwrite=1 result_src=0 wb_result=f4ad0000 alu_result=f4ad0000
=====================================================

================ Pipeline Cycle 39 ================
Hazard ctrl: stall_f=0 stall_d=0 flush_f=0 flush_d=0 flush_e=0
IF : pc=00000080 instr=00000893 op=addi rs1=zero rs2=zero rd=a7 imem_addr=00000084
ID : pc=0000007c instr=00100813 op=addi rs1=zero rs2=ra rd=a6 imm=fffffb8a
EX : pc=00000078 rd1=00000000 rd2=00000000 alu_ctl=0 alu_result=fcaafb8a branch=0 jump=0 pc_src=0 pc_target=fffffc02 rd=a5 regwrite=1 memwrite=0
MEM: pc=00000074 addr=fcab0000 we=0000 wdata=00000000 rdata=00000000 alu_result=fcab0000 rd=a5 result_src=0 regwrite=1
WB : pc=00000070 rd=a4(14) regwrite=1 result_src=0 wb_result=f4ad03a8 alu_result=f4ad03a8
=====================================================

================ Pipeline Cycle 40 ================
Hazard ctrl: stall_f=0 stall_d=0 flush_f=0 flush_d=0 flush_e=0
IF : pc=00000084 instr=00000913 op=addi rs1=zero rs2=zero rd=s2 imem_addr=00000088
ID : pc=00000080 instr=00000893 op=addi rs1=zero rs2=zero rd=a7 imm=00000001
EX : pc=0000007c rd1=00000000 rd2=00000000 alu_ctl=0 alu_result=00000001 branch=0 jump=0 pc_src=0 pc_target=0000007d rd=a6 regwrite=1 memwrite=0
MEM: pc=00000078 addr=fcaafb8a we=0000 wdata=00000000 rdata=00000000 alu_result=fcaafb8a rd=a5 result_src=0 regwrite=1
WB : pc=00000074 rd=a5(15) regwrite=1 result_src=0 wb_result=fcab0000 alu_result=fcab0000
=====================================================

================ Pipeline Cycle 41 ================
Hazard ctrl: stall_f=0 stall_d=0 flush_f=0 flush_d=0 flush_e=0
IF : pc=00000088 instr=00b00993 op=addi rs1=zero rs2=a1 rd=s3 imem_addr=0000008c
ID : pc=00000084 instr=00000913 op=addi rs1=zero rs2=zero rd=s2 imm=00000000
EX : pc=00000080 rd1=00000000 rd2=00000000 alu_ctl=0 alu_result=00000000 branch=0 jump=0 pc_src=0 pc_target=00000080 rd=a7 regwrite=1 memwrite=0
MEM: pc=0000007c addr=00000001 we=0000 wdata=00000000 rdata=00000000 alu_result=00000001 rd=a6 result_src=0 regwrite=1
WB : pc=00000078 rd=a5(15) regwrite=1 result_src=0 wb_result=fcaafb8a alu_result=fcaafb8a
=====================================================

================ Pipeline Cycle 42 ================
Hazard ctrl: stall_f=0 stall_d=0 flush_f=0 flush_d=0 flush_e=0
IF : pc=0000008c instr=80000a37 op=lui rs1=zero rs2=zero rd=s4 imem_addr=00000090
ID : pc=00000088 instr=00b00993 op=addi rs1=zero rs2=a1 rd=s3 imm=00000000
EX : pc=00000084 rd1=00000000 rd2=00000000 alu_ctl=0 alu_result=00000000 branch=0 jump=0 pc_src=0 pc_target=00000084 rd=s2 regwrite=1 memwrite=0
MEM: pc=00000080 addr=00000000 we=0000 wdata=00000000 rdata=f14022f3 alu_result=00000000 rd=a7 result_src=0 regwrite=1
WB : pc=0000007c rd=a6(16) regwrite=1 result_src=0 wb_result=00000001 alu_result=00000001
=====================================================

================ Pipeline Cycle 43 ================
Hazard ctrl: stall_f=0 stall_d=0 flush_f=0 flush_d=0 flush_e=0
IF : pc=00000090 instr=80000ab7 op=lui rs1=zero rs2=zero rd=s5 imem_addr=00000094
ID : pc=0000008c instr=80000a37 op=lui rs1=zero rs2=zero rd=s4 imm=0000000b
EX : pc=00000088 rd1=00000000 rd2=00000000 alu_ctl=0 alu_result=0000000b branch=0 jump=0 pc_src=0 pc_target=00000093 rd=s3 regwrite=1 memwrite=0
MEM: pc=00000084 addr=00000000 we=0000 wdata=00000000 rdata=f14022f3 alu_result=00000000 rd=s2 result_src=0 regwrite=1
WB : pc=00000080 rd=a7(17) regwrite=1 result_src=0 wb_result=00000000 alu_result=00000000
=====================================================

================ Pipeline Cycle 44 ================
Hazard ctrl: stall_f=0 stall_d=0 flush_f=0 flush_d=0 flush_e=0
IF : pc=00000094 instr=d54d9b37 op=lui rs1=s11 rs2=s4 rd=s6 imem_addr=00000098
ID : pc=00000090 instr=80000ab7 op=lui rs1=zero rs2=zero rd=s5 imm=80000000
EX : pc=0000008c rd1=00000000 rd2=00000000 alu_ctl=0 alu_result=80000000 branch=0 jump=0 pc_src=0 pc_target=8000008c rd=s4 regwrite=1 memwrite=0
MEM: pc=00000088 addr=0000000b we=0000 wdata=00000000 rdata=f14022f3 alu_result=0000000b rd=s3 result_src=0 regwrite=1
WB : pc=00000084 rd=s2(18) regwrite=1 result_src=0 wb_result=00000000 alu_result=00000000
=====================================================

================ Pipeline Cycle 45 ================
Hazard ctrl: stall_f=0 stall_d=0 flush_f=0 flush_d=0 flush_e=0
IF : pc=00000098 instr=fefb0b13 op=addi rs1=s6 rs2=a5 rd=s6 imem_addr=0000009c
ID : pc=00000094 instr=d54d9b37 op=lui rs1=s11 rs2=s4 rd=s6 imm=80000000
EX : pc=00000090 rd1=00000000 rd2=00000000 alu_ctl=0 alu_result=80000000 branch=0 jump=0 pc_src=0 pc_target=80000090 rd=s5 regwrite=1 memwrite=0
MEM: pc=0000008c addr=80000000 we=0000 wdata=00000000 rdata=00628263 alu_result=80000000 rd=s4 result_src=0 regwrite=1
WB : pc=00000088 rd=s3(19) regwrite=1 result_src=0 wb_result=0000000b alu_result=0000000b
=====================================================

================ Pipeline Cycle 46 ================
Hazard ctrl: stall_f=0 stall_d=0 flush_f=0 flush_d=0 flush_e=0
IF : pc=0000009c instr=00d00b93 op=addi rs1=zero rs2=a3 rd=s7 imem_addr=000000a0
ID : pc=00000098 instr=fefb0b13 op=addi rs1=s6 rs2=a5 rd=s6 imm=d54d9000
EX : pc=00000094 rd1=00000000 rd2=00000000 alu_ctl=0 alu_result=d54d9000 branch=0 jump=0 pc_src=0 pc_target=d54d9094 rd=s6 regwrite=1 memwrite=0
MEM: pc=00000090 addr=80000000 we=0000 wdata=00000000 rdata=f14022f3 alu_result=80000000 rd=s5 result_src=0 regwrite=1
WB : pc=0000008c rd=s4(20) regwrite=1 result_src=0 wb_result=80000000 alu_result=80000000
=====================================================

================ Pipeline Cycle 47 ================
Hazard ctrl: stall_f=0 stall_d=0 flush_f=0 flush_d=0 flush_e=0
IF : pc=000000a0 instr=00000c13 op=addi rs1=zero rs2=zero rd=s8 imem_addr=000000a4
ID : pc=0000009c instr=00d00b93 op=addi rs1=zero rs2=a3 rd=s7 imm=ffffffef
EX : pc=00000098 rd1=00000000 rd2=00000000 alu_ctl=0 alu_result=d54d8fef branch=0 jump=0 pc_src=0 pc_target=00000087 rd=s6 regwrite=1 memwrite=0
MEM: pc=00000094 addr=d54d9000 we=0000 wdata=00000000 rdata=f14022f3 alu_result=d54d9000 rd=s6 result_src=0 regwrite=1
WB : pc=00000090 rd=s5(21) regwrite=1 result_src=0 wb_result=80000000 alu_result=80000000
=====================================================

================ Pipeline Cycle 48 ================
Hazard ctrl: stall_f=0 stall_d=0 flush_f=0 flush_d=0 flush_e=0
IF : pc=000000a4 instr=d01c0cb7 op=lui rs1=s8 rs2=ra rd=s9 imem_addr=000000a8
ID : pc=000000a0 instr=00000c13 op=addi rs1=zero rs2=zero rd=s8 imm=0000000d
EX : pc=0000009c rd1=00000000 rd2=00000000 alu_ctl=0 alu_result=0000000d branch=0 jump=0 pc_src=0 pc_target=000000a9 rd=s7 regwrite=1 memwrite=0
MEM: pc=00000098 addr=d54d8fef we=0000 wdata=00000000 rdata=00000000 alu_result=d54d8fef rd=s6 result_src=0 regwrite=1
WB : pc=00000094 rd=s6(22) regwrite=1 result_src=0 wb_result=d54d9000 alu_result=d54d9000
=====================================================

================ Pipeline Cycle 49 ================
Hazard ctrl: stall_f=0 stall_d=0 flush_f=0 flush_d=0 flush_e=0
IF : pc=000000a8 instr=119c8c93 op=addi rs1=s9 rs2=s9 rd=s9 imem_addr=000000ac
ID : pc=000000a4 instr=d01c0cb7 op=lui rs1=s8 rs2=ra rd=s9 imm=00000000
EX : pc=000000a0 rd1=00000000 rd2=00000000 alu_ctl=0 alu_result=00000000 branch=0 jump=0 pc_src=0 pc_target=000000a0 rd=s8 regwrite=1 memwrite=0
MEM: pc=0000009c addr=0000000d we=0000 wdata=00000000 rdata=00000000 alu_result=0000000d rd=s7 result_src=0 regwrite=1
WB : pc=00000098 rd=s6(22) regwrite=1 result_src=0 wb_result=d54d8fef alu_result=d54d8fef
=====================================================

================ Pipeline Cycle 50 ================
Hazard ctrl: stall_f=0 stall_d=0 flush_f=0 flush_d=0 flush_e=0
IF : pc=000000ac instr=00c00d13 op=addi rs1=zero rs2=a2 rd=s10 imem_addr=000000b0
ID : pc=000000a8 instr=119c8c93 op=addi rs1=s9 rs2=s9 rd=s9 imm=d01c0000
EX : pc=000000a4 rd1=00000000 rd2=00000000 alu_ctl=0 alu_result=d01c0000 branch=0 jump=0 pc_src=0 pc_target=d01c00a4 rd=s9 regwrite=1 memwrite=0
MEM: pc=000000a0 addr=00000000 we=0000 wdata=00000000 rdata=00000f97 alu_result=00000000 rd=s8 result_src=0 regwrite=1
WB : pc=0000009c rd=s7(23) regwrite=1 result_src=0 wb_result=0000000d alu_result=0000000d
=====================================================

================ Pipeline Cycle 51 ================
Hazard ctrl: stall_f=0 stall_d=0 flush_f=0 flush_d=0 flush_e=0
IF : pc=000000b0 instr=f1fb4db7 op=lui rs1=s6 rs2=t6 rd=s11 imem_addr=000000b4
ID : pc=000000ac instr=00c00d13 op=addi rs1=zero rs2=a2 rd=s10 imm=00000119
EX : pc=000000a8 rd1=00000000 rd2=00000000 alu_ctl=0 alu_result=d01c0119 branch=0 jump=0 pc_src=0 pc_target=000001c1 rd=s9 regwrite=1 memwrite=0
MEM: pc=000000a4 addr=d01c0000 we=0000 wdata=00000000 rdata=f14022f3 alu_result=d01c0000 rd=s9 result_src=0 regwrite=1
WB : pc=000000a0 rd=s8(24) regwrite=1 result_src=0 wb_result=00000000 alu_result=00000000
=====================================================

================ Pipeline Cycle 52 ================
Hazard ctrl: stall_f=0 stall_d=0 flush_f=0 flush_d=0 flush_e=0
IF : pc=000000b4 instr=dfcd8d93 op=addi rs1=s11 rs2=t3 rd=s11 imem_addr=000000b8
ID : pc=000000b0 instr=f1fb4db7 op=lui rs1=s6 rs2=t6 rd=s11 imm=0000000c
EX : pc=000000ac rd1=00000000 rd2=00000000 alu_ctl=0 alu_result=0000000c branch=0 jump=0 pc_src=0 pc_target=000000b8 rd=s10 regwrite=1 memwrite=0
MEM: pc=000000a8 addr=d01c0119 we=0000 wdata=00000000 rdata=00000000 alu_result=d01c0119 rd=s9 result_src=0 regwrite=1
WB : pc=000000a4 rd=s9(25) regwrite=1 result_src=0 wb_result=d01c0000 alu_result=d01c0000
=====================================================

================ Pipeline Cycle 53 ================
Hazard ctrl: stall_f=0 stall_d=0 flush_f=0 flush_d=0 flush_e=0
IF : pc=000000b8 instr=c089de37 op=lui rs1=s3 rs2=s0 rd=t3 imem_addr=000000bc
ID : pc=000000b4 instr=dfcd8d93 op=addi rs1=s11 rs2=t3 rd=s11 imm=f1fb4000
EX : pc=000000b0 rd1=00000000 rd2=00000000 alu_ctl=0 alu_result=f1fb4000 branch=0 jump=0 pc_src=0 pc_target=f1fb40b0 rd=s11 regwrite=1 memwrite=0
MEM: pc=000000ac addr=0000000c we=0000 wdata=00000000 rdata=00000000 alu_result=0000000c rd=s10 result_src=0 regwrite=1
WB : pc=000000a8 rd=s9(25) regwrite=1 result_src=0 wb_result=d01c0119 alu_result=d01c0119
=====================================================

================ Pipeline Cycle 54 ================
Hazard ctrl: stall_f=0 stall_d=0 flush_f=0 flush_d=0 flush_e=0
IF : pc=000000bc instr=af8e0e13 op=addi rs1=t3 rs2=s8 rd=t3 imem_addr=000000c0
ID : pc=000000b8 instr=c089de37 op=lui rs1=s3 rs2=s0 rd=t3 imm=fffffdfc
EX : pc=000000b4 rd1=00000000 rd2=00000000 alu_ctl=0 alu_result=f1fb3dfc branch=0 jump=0 pc_src=0 pc_target=fffffeb0 rd=s11 regwrite=1 memwrite=0
MEM: pc=000000b0 addr=f1fb4000 we=0000 wdata=00000000 rdata=00000f97 alu_result=f1fb4000 rd=s11 result_src=0 regwrite=1
WB : pc=000000ac rd=s10(26) regwrite=1 result_src=0 wb_result=0000000c alu_result=0000000c
=====================================================

================ Pipeline Cycle 55 ================
Hazard ctrl: stall_f=0 stall_d=0 flush_f=0 flush_d=0 flush_e=0
IF : pc=000000c0 instr=00a00f93 op=addi rs1=zero rs2=a0 rd=t6 imem_addr=000000c4
ID : pc=000000bc instr=af8e0e13 op=addi rs1=t3 rs2=s8 rd=t3 imm=c089d000
EX : pc=000000b8 rd1=00000000 rd2=00000000 alu_ctl=0 alu_result=c089d000 branch=0 jump=0 pc_src=0 pc_target=c089d0b8 rd=t3 regwrite=1 memwrite=0
MEM: pc=000000b4 addr=f1fb3dfc we=0000 wdata=00000000 rdata=00000000 alu_result=f1fb3dfc rd=s11 result_src=0 regwrite=1
WB : pc=000000b0 rd=s11(27) regwrite=1 result_src=0 wb_result=f1fb4000 alu_result=f1fb4000
=====================================================

================ Pipeline Cycle 56 ================
Hazard ctrl: stall_f=0 stall_d=0 flush_f=0 flush_d=0 flush_e=0
IF : pc=000000c4 instr=00008e97 op=auipc rs1=ra rs2=zero rd=t4 imem_addr=000000c8
ID : pc=000000c0 instr=00a00f93 op=addi rs1=zero rs2=a0 rd=t6 imm=fffffaf8
EX : pc=000000bc rd1=00000000 rd2=00000000 alu_ctl=0 alu_result=c089caf8 branch=0 jump=0 pc_src=0 pc_target=fffffbb4 rd=t3 regwrite=1 memwrite=0
MEM: pc=000000b8 addr=c089d000 we=0000 wdata=00000000 rdata=00000000 alu_result=c089d000 rd=t3 result_src=0 regwrite=1
WB : pc=000000b4 rd=s11(27) regwrite=1 result_src=0 wb_result=f1fb3dfc alu_result=f1fb3dfc
=====================================================

================ Pipeline Cycle 57 ================
Hazard ctrl: stall_f=0 stall_d=0 flush_f=0 flush_d=0 flush_e=0
IF : pc=000000c8 instr=da0e8e93 op=addi rs1=t4 rs2=zero rd=t4 imem_addr=000000cc
ID : pc=000000c4 instr=00008e97 op=auipc rs1=ra rs2=zero rd=t4 imm=0000000a
EX : pc=000000c0 rd1=00000000 rd2=00000000 alu_ctl=0 alu_result=0000000a branch=0 jump=0 pc_src=0 pc_target=000000ca rd=t6 regwrite=1 memwrite=0
MEM: pc=000000bc addr=c089caf8 we=0000 wdata=00000000 rdata=00000000 alu_result=c089caf8 rd=t3 result_src=0 regwrite=1
WB : pc=000000b8 rd=t3(28) regwrite=1 result_src=0 wb_result=c089d000 alu_result=c089d000
=====================================================

================ Pipeline Cycle 58 ================
Hazard ctrl: stall_f=0 stall_d=0 flush_f=0 flush_d=0 flush_e=0
IF : pc=000000cc instr=00463133 op=sltu rs1=a2 rs2=tp rd=sp imem_addr=000000d0
ID : pc=000000c8 instr=da0e8e93 op=addi rs1=t4 rs2=zero rd=t4 imm=00008000
EX : pc=000000c4 rd1=00000000 rd2=00000000 alu_ctl=0 alu_result=000080c4 branch=0 jump=0 pc_src=0 pc_target=000080c4 rd=t4 regwrite=1 memwrite=0
MEM: pc=000000c0 addr=0000000a we=0000 wdata=00000000 rdata=00000000 alu_result=0000000a rd=t6 result_src=0 regwrite=1
WB : pc=000000bc rd=t3(28) regwrite=1 result_src=0 wb_result=c089caf8 alu_result=c089caf8
=====================================================

================ Pipeline Cycle 59 ================
Hazard ctrl: stall_f=0 stall_d=0 flush_f=0 flush_d=0 flush_e=0
IF : pc=000000d0 instr=01a9e633 op=or rs1=s3 rs2=s10 rd=a2 imem_addr=000000d4
ID : pc=000000cc instr=00463133 op=sltu rs1=a2 rs2=tp rd=sp imm=fffffda0
EX : pc=000000c8 rd1=00000000 rd2=00000000 alu_ctl=0 alu_result=00007e64 branch=0 jump=0 pc_src=0 pc_target=fffffe68 rd=t4 regwrite=1 memwrite=0
MEM: pc=000000c4 addr=000080c4 we=0000 wdata=00000000 rdata=00628263 alu_result=000080c4 rd=t4 result_src=0 regwrite=1
WB : pc=000000c0 rd=t6(31) regwrite=1 result_src=0 wb_result=0000000a alu_result=0000000a
=====================================================

================ Pipeline Cycle 60 ================
Hazard ctrl: stall_f=0 stall_d=0 flush_f=0 flush_d=0 flush_e=0
IF : pc=000000d4 instr=29290093 op=addi rs1=s2 rs2=s2 rd=ra imem_addr=000000d8
ID : pc=000000d0 instr=01a9e633 op=or rs1=s3 rs2=s10 rd=a2 imm=00000000
EX : pc=000000cc rd1=0000000a rd2=00000000 alu_ctl=4 alu_result=00000000 branch=0 jump=0 pc_src=0 pc_target=000000cc rd=sp regwrite=1 memwrite=0
MEM: pc=000000c8 addr=00007e64 we=0000 wdata=00000000 rdata=00000000 alu_result=00007e64 rd=t4 result_src=0 regwrite=1
WB : pc=000000c4 rd=t4(29) regwrite=1 result_src=0 wb_result=000080c4 alu_result=000080c4
=====================================================

================ Pipeline Cycle 61 ================
Hazard ctrl: stall_f=0 stall_d=0 flush_f=0 flush_d=0 flush_e=0
IF : pc=000000d8 instr=fc0b7013 op=andi rs1=s6 rs2=zero rd=zero imem_addr=000000dc
ID : pc=000000d4 instr=29290093 op=addi rs1=s2 rs2=s2 rd=ra imm=00000000
EX : pc=000000d0 rd1=0000000b rd2=0000000c alu_ctl=8 alu_result=0000000f branch=0 jump=0 pc_src=0 pc_target=000000d0 rd=a2 regwrite=1 memwrite=0
MEM: pc=000000cc addr=00000000 we=0000 wdata=00000000 rdata=00000000 alu_result=00000000 rd=sp result_src=0 regwrite=1
WB : pc=000000c8 rd=t4(29) regwrite=1 result_src=0 wb_result=00007e64 alu_result=00007e64
=====================================================

================ Pipeline Cycle 62 ================
Hazard ctrl: stall_f=0 stall_d=0 flush_f=0 flush_d=0 flush_e=0
IF : pc=000000dc instr=032c3293 op=sltiu rs1=s8 rs2=s2 rd=t0 imem_addr=000000e0
ID : pc=000000d8 instr=fc0b7013 op=andi rs1=s6 rs2=zero rd=zero imm=00000292
EX : pc=000000d4 rd1=00000000 rd2=00000000 alu_ctl=0 alu_result=00000292 branch=0 jump=0 pc_src=0 pc_target=00000366 rd=ra regwrite=1 memwrite=0
MEM: pc=000000d0 addr=0000000f we=0000 wdata=0000000c rdata=f14022f3 alu_result=0000000f rd=a2 result_src=0 regwrite=1
WB : pc=000000cc rd=sp(2) regwrite=1 result_src=0 wb_result=00000000 alu_result=00000000
=====================================================

================ Pipeline Cycle 63 ================
Hazard ctrl: stall_f=0 stall_d=0 flush_f=0 flush_d=0 flush_e=0
IF : pc=000000e0 instr=0579bd93 op=sltiu rs1=s3 rs2=s7 rd=s11 imem_addr=000000e4
ID : pc=000000dc instr=032c3293 op=sltiu rs1=s8 rs2=s2 rd=t0 imm=ffffffc0
EX : pc=000000d8 rd1=d54d8fef rd2=00000000 alu_ctl=9 alu_result=d54d8fc0 branch=0 jump=0 pc_src=0 pc_target=00000098 rd=zero regwrite=1 memwrite=0
MEM: pc=000000d4 addr=00000292 we=0000 wdata=00000000 rdata=00000f97 alu_result=00000292 rd=ra result_src=0 regwrite=1
WB : pc=000000d0 rd=a2(12) regwrite=1 result_src=0 wb_result=0000000f alu_result=0000000f
=====================================================

================ Pipeline Cycle 64 ================
Hazard ctrl: stall_f=0 stall_d=0 flush_f=0 flush_d=0 flush_e=0
IF : pc=000000e4 instr=012e9ab3 op=sll rs1=t4 rs2=s2 rd=s5 imem_addr=000000e8
ID : pc=000000e0 instr=0579bd93 op=sltiu rs1=s3 rs2=s7 rd=s11 imm=00000032
EX : pc=000000dc rd1=00000000 rd2=00000000 alu_ctl=4 alu_result=00000001 branch=0 jump=0 pc_src=0 pc_target=0000010e rd=t0 regwrite=1 memwrite=0
MEM: pc=000000d8 addr=d54d8fc0 we=0000 wdata=00000000 rdata=00000000 alu_result=d54d8fc0 rd=zero result_src=0 regwrite=1
WB : pc=000000d4 rd=ra(1) regwrite=1 result_src=0 wb_result=00000292 alu_result=00000292
=====================================================

================ Pipeline Cycle 65 ================
Hazard ctrl: stall_f=0 stall_d=0 flush_f=0 flush_d=0 flush_e=0
IF : pc=000000e8 instr=41e682b3 op=sub rs1=a3 rs2=t5 rd=t0 imem_addr=000000ec
ID : pc=000000e4 instr=012e9ab3 op=sll rs1=t4 rs2=s2 rd=s5 imm=00000057
EX : pc=000000e0 rd1=0000000b rd2=00000000 alu_ctl=4 alu_result=00000001 branch=0 jump=0 pc_src=0 pc_target=00000137 rd=s11 regwrite=1 memwrite=0
MEM: pc=000000dc addr=00000001 we=0000 wdata=00000000 rdata=00000000 alu_result=00000001 rd=t0 result_src=0 regwrite=1
WB : pc=000000d8 rd=zero(0) regwrite=1 result_src=0 wb_result=d54d8fc0 alu_result=d54d8fc0
=====================================================

================ Pipeline Cycle 66 ================
Hazard ctrl: stall_f=0 stall_d=0 flush_f=0 flush_d=0 flush_e=0
IF : pc=000000ec instr=01e69613 op=slli rs1=a3 rs2=t5 rd=a2 imem_addr=000000f0
ID : pc=000000e8 instr=41e682b3 op=sub rs1=a3 rs2=t5 rd=t0 imm=00000000
EX : pc=000000e4 rd1=00007e64 rd2=00000000 alu_ctl=2 alu_result=00007e64 branch=0 jump=0 pc_src=0 pc_target=000000e4 rd=s5 regwrite=1 memwrite=0
MEM: pc=000000e0 addr=00000001 we=0000 wdata=00000000 rdata=f14022f3 alu_result=00000001 rd=s11 result_src=0 regwrite=1
WB : pc=000000dc rd=t0(5) regwrite=1 result_src=0 wb_result=00000001 alu_result=00000001
=====================================================

================ Pipeline Cycle 67 ================
Hazard ctrl: stall_f=0 stall_d=0 flush_f=0 flush_d=0 flush_e=0
IF : pc=000000f0 instr=00000013 op=addi rs1=zero rs2=zero rd=zero imem_addr=000000f4
ID : pc=000000ec instr=01e69613 op=slli rs1=a3 rs2=t5 rd=a2 imm=00000000
EX : pc=000000e8 rd1=79094ef7 rd2=00000000 alu_ctl=1 alu_result=79094ef7 branch=0 jump=0 pc_src=0 pc_target=000000e8 rd=t0 regwrite=1 memwrite=0
MEM: pc=000000e4 addr=00007e64 we=0000 wdata=00000000 rdata=f14022f3 alu_result=00007e64 rd=s5 result_src=0 regwrite=1
WB : pc=000000e0 rd=s11(27) regwrite=1 result_src=0 wb_result=00000001 alu_result=00000001
=====================================================

================ Pipeline Cycle 68 ================
Hazard ctrl: stall_f=0 stall_d=0 flush_f=0 flush_d=0 flush_e=0
IF : pc=000000f4 instr=52602413 op=slti rs1=zero rs2=t1 rd=s0 imem_addr=000000f8
ID : pc=000000f0 instr=00000013 op=addi rs1=zero rs2=zero rd=zero imm=0000001e
EX : pc=000000ec rd1=79094ef7 rd2=00000000 alu_ctl=2 alu_result=c0000000 branch=0 jump=0 pc_src=0 pc_target=0000010a rd=a2 regwrite=1 memwrite=0
MEM: pc=000000e8 addr=79094ef7 we=0000 wdata=00000000 rdata=00000000 alu_result=79094ef7 rd=t0 result_src=0 regwrite=1
WB : pc=000000e4 rd=s5(21) regwrite=1 result_src=0 wb_result=00007e64 alu_result=00007e64
=====================================================

================ Pipeline Cycle 69 ================
Hazard ctrl: stall_f=0 stall_d=0 flush_f=0 flush_d=0 flush_e=0
IF : pc=000000f8 instr=db837813 op=andi rs1=t1 rs2=s8 rd=a6 imem_addr=000000fc
ID : pc=000000f4 instr=52602413 op=slti rs1=zero rs2=t1 rd=s0 imm=00000000
EX : pc=000000f0 rd1=00000000 rd2=00000000 alu_ctl=0 alu_result=00000000 branch=0 jump=0 pc_src=0 pc_target=000000f0 rd=zero regwrite=1 memwrite=0
MEM: pc=000000ec addr=c0000000 we=0000 wdata=00000000 rdata=00000000 alu_result=c0000000 rd=a2 result_src=0 regwrite=1
WB : pc=000000e8 rd=t0(5) regwrite=1 result_src=0 wb_result=79094ef7 alu_result=79094ef7
=====================================================

================ Pipeline Cycle 70 ================
Hazard ctrl: stall_f=0 stall_d=0 flush_f=0 flush_d=0 flush_e=0
IF : pc=000000fc instr=f06fa997 op=auipc rs1=t6 rs2=t1 rd=s3 imem_addr=00000100
ID : pc=000000f8 instr=db837813 op=andi rs1=t1 rs2=s8 rd=a6 imm=00000526
EX : pc=000000f4 rd1=00000000 rd2=00000000 alu_ctl=3 alu_result=00000001 branch=0 jump=0 pc_src=0 pc_target=0000061a rd=s0 regwrite=1 memwrite=0
MEM: pc=000000f0 addr=00000000 we=0000 wdata=00000000 rdata=f14022f3 alu_result=00000000 rd=zero result_src=0 regwrite=1
WB : pc=000000ec rd=a2(12) regwrite=1 result_src=0 wb_result=c0000000 alu_result=c0000000
=====================================================

================ Pipeline Cycle 71 ================
Hazard ctrl: stall_f=0 stall_d=0 flush_f=0 flush_d=0 flush_e=0
IF : pc=00000100 instr=0e75f7b7 op=lui rs1=a1 rs2=t2 rd=a5 imem_addr=00000104
ID : pc=000000fc instr=f06fa997 op=auipc rs1=t6 rs2=t1 rd=s3 imm=fffffdb8
EX : pc=000000f8 rd1=80000000 rd2=00000000 alu_ctl=9 alu_result=80000000 branch=0 jump=0 pc_src=0 pc_target=fffffeb0 rd=a6 regwrite=1 memwrite=0
MEM: pc=000000f4 addr=00000001 we=0000 wdata=00000000 rdata=f14022f3 alu_result=00000001 rd=s0 result_src=0 regwrite=1
WB : pc=000000f0 rd=zero(0) regwrite=1 result_src=0 wb_result=00000000 alu_result=00000000
=====================================================

================ Pipeline Cycle 72 ================
Hazard ctrl: stall_f=0 stall_d=0 flush_f=0 flush_d=0 flush_e=0
IF : pc=00000104 instr=006341b3 op=xor rs1=t1 rs2=t1 rd=gp imem_addr=00000108
ID : pc=00000100 instr=0e75f7b7 op=lui rs1=a1 rs2=t2 rd=a5 imm=f06fa000
EX : pc=000000fc rd1=00000000 rd2=00000000 alu_ctl=0 alu_result=f06fa0fc branch=0 jump=0 pc_src=0 pc_target=f06fa0fc rd=s3 regwrite=1 memwrite=0
MEM: pc=000000f8 addr=80000000 we=0000 wdata=00000000 rdata=f14022f3 alu_result=80000000 rd=a6 result_src=0 regwrite=1
WB : pc=000000f4 rd=s0(8) regwrite=1 result_src=0 wb_result=00000001 alu_result=00000001
=====================================================

================ Pipeline Cycle 73 ================
Hazard ctrl: stall_f=0 stall_d=0 flush_f=0 flush_d=0 flush_e=0
IF : pc=00000108 instr=5430a793 op=slti rs1=ra rs2=gp rd=a5 imem_addr=0000010c
ID : pc=00000104 instr=006341b3 op=xor rs1=t1 rs2=t1 rd=gp imm=0e75f000
EX : pc=00000100 rd1=00000000 rd2=00000000 alu_ctl=0 alu_result=0e75f000 branch=0 jump=0 pc_src=0 pc_target=0e75f100 rd=a5 regwrite=1 memwrite=0
MEM: pc=000000fc addr=f06fa0fc we=0000 wdata=00000000 rdata=f14022f3 alu_result=f06fa0fc rd=s3 result_src=0 regwrite=1
WB : pc=000000f8 rd=a6(16) regwrite=1 result_src=0 wb_result=80000000 alu_result=80000000
=====================================================

================ Pipeline Cycle 74 ================
Hazard ctrl: stall_f=0 stall_d=0 flush_f=0 flush_d=0 flush_e=0
IF : pc=0000010c instr=411f8cb3 op=sub rs1=t6 rs2=a7 rd=s9 imem_addr=00000110
ID : pc=00000108 instr=5430a793 op=slti rs1=ra rs2=gp rd=a5 imm=00000000
EX : pc=00000104 rd1=80000000 rd2=80000000 alu_ctl=5 alu_result=00000000 branch=0 jump=0 pc_src=0 pc_target=00000104 rd=gp regwrite=1 memwrite=0
MEM: pc=00000100 addr=0e75f000 we=0000 wdata=00000000 rdata=00000000 alu_result=0e75f000 rd=a5 result_src=0 regwrite=1
WB : pc=000000fc rd=s3(19) regwrite=1 result_src=0 wb_result=f06fa0fc alu_result=f06fa0fc
=====================================================

================ Pipeline Cycle 75 ================
Hazard ctrl: stall_f=0 stall_d=0 flush_f=0 flush_d=0 flush_e=0
IF : pc=00000110 instr=04720a13 op=addi rs1=tp rs2=t2 rd=s4 imem_addr=00000114
ID : pc=0000010c instr=411f8cb3 op=sub rs1=t6 rs2=a7 rd=s9 imm=00000543
EX : pc=00000108 rd1=00000292 rd2=00000000 alu_ctl=3 alu_result=00000001 branch=0 jump=0 pc_src=0 pc_target=0000064b rd=a5 regwrite=1 memwrite=0
MEM: pc=00000104 addr=00000000 we=0000 wdata=00000000 rdata=00000000 alu_result=00000000 rd=gp result_src=0 regwrite=1
WB : pc=00000100 rd=a5(15) regwrite=1 result_src=0 wb_result=0e75f000 alu_result=0e75f000
=====================================================

================ Pipeline Cycle 76 ================
Hazard ctrl: stall_f=0 stall_d=0 flush_f=0 flush_d=0 flush_e=0
IF : pc=00000114 instr=9c789397 op=auipc rs1=a7 rs2=t2 rd=t2 imem_addr=00000118
ID : pc=00000110 instr=04720a13 op=addi rs1=tp rs2=t2 rd=s4 imm=00000000
EX : pc=0000010c rd1=0000000a rd2=00000000 alu_ctl=1 alu_result=0000000a branch=0 jump=0 pc_src=0 pc_target=0000010c rd=s9 regwrite=1 memwrite=0
MEM: pc=00000108 addr=00000001 we=0000 wdata=00000000 rdata=f14022f3 alu_result=00000001 rd=a5 result_src=0 regwrite=1
WB : pc=00000104 rd=gp(3) regwrite=1 result_src=0 wb_result=00000000 alu_result=00000000
=====================================================

================ Pipeline Cycle 77 ================
Hazard ctrl: stall_f=0 stall_d=0 flush_f=0 flush_d=0 flush_e=0
IF : pc=00000118 instr=018f9833 op=sll rs1=t6 rs2=s8 rd=a6 imem_addr=0000011c
ID : pc=00000114 instr=9c789397 op=auipc rs1=a7 rs2=t2 rd=t2 imm=00000047
EX : pc=00000110 rd1=00000000 rd2=00000000 alu_ctl=0 alu_result=00000047 branch=0 jump=0 pc_src=0 pc_target=00000157 rd=s4 regwrite=1 memwrite=0
MEM: pc=0000010c addr=0000000a we=0000 wdata=00000000 rdata=f14022f3 alu_result=0000000a rd=s9 result_src=0 regwrite=1
WB : pc=00000108 rd=a5(15) regwrite=1 result_src=0 wb_result=00000001 alu_result=00000001
=====================================================

================ Pipeline Cycle 78 ================
Hazard ctrl: stall_f=0 stall_d=0 flush_f=0 flush_d=0 flush_e=0
IF : pc=0000011c instr=9314c393 op=xori rs1=s1 rs2=a7 rd=t2 imem_addr=00000120
ID : pc=00000118 instr=018f9833 op=sll rs1=t6 rs2=s8 rd=a6 imm=9c789000
EX : pc=00000114 rd1=00000000 rd2=00000000 alu_ctl=0 alu_result=9c789114 branch=0 jump=0 pc_src=0 pc_target=9c789114 rd=t2 regwrite=1 memwrite=0
MEM: pc=00000110 addr=00000047 we=0000 wdata=00000000 rdata=00628263 alu_result=00000047 rd=s4 result_src=0 regwrite=1
WB : pc=0000010c rd=s9(25) regwrite=1 result_src=0 wb_result=0000000a alu_result=0000000a
=====================================================

================ Pipeline Cycle 79 ================
Hazard ctrl: stall_f=0 stall_d=0 flush_f=0 flush_d=0 flush_e=0
IF : pc=00000120 instr=827533b7 op=lui rs1=a0 rs2=t2 rd=t2 imem_addr=00000124
ID : pc=0000011c instr=9314c393 op=xori rs1=s1 rs2=a7 rd=t2 imm=00000000
EX : pc=00000118 rd1=0000000a rd2=00000000 alu_ctl=2 alu_result=0000000a branch=0 jump=0 pc_src=0 pc_target=00000118 rd=a6 regwrite=1 memwrite=0
MEM: pc=00000114 addr=9c789114 we=0000 wdata=00000000 rdata=fc259437 alu_result=9c789114 rd=t2 result_src=0 regwrite=1
WB : pc=00000110 rd=s4(20) regwrite=1 result_src=0 wb_result=00000047 alu_result=00000047
=====================================================

================ Pipeline Cycle 80 ================
Hazard ctrl: stall_f=0 stall_d=0 flush_f=0 flush_d=0 flush_e=0
IF : pc=00000124 instr=fe642813 op=slti rs1=s0 rs2=t1 rd=a6 imem_addr=00000128
ID : pc=00000120 instr=827533b7 op=lui rs1=a0 rs2=t2 rd=t2 imm=fffff931
EX : pc=0000011c rd1=f9a87636 rd2=00000000 alu_ctl=5 alu_result=06578f07 branch=0 jump=0 pc_src=0 pc_target=fffffa4d rd=t2 regwrite=1 memwrite=0
MEM: pc=00000118 addr=0000000a we=0000 wdata=00000000 rdata=00000000 alu_result=0000000a rd=a6 result_src=0 regwrite=1
WB : pc=00000114 rd=t2(7) regwrite=1 result_src=0 wb_result=9c789114 alu_result=9c789114
=====================================================

================ Pipeline Cycle 81 ================
Hazard ctrl: stall_f=0 stall_d=0 flush_f=0 flush_d=0 flush_e=0
IF : pc=00000128 instr=01eb1293 op=slli rs1=s6 rs2=t5 rd=t0 imem_addr=0000012c
ID : pc=00000124 instr=fe642813 op=slti rs1=s0 rs2=t1 rd=a6 imm=82753000
EX : pc=00000120 rd1=00000000 rd2=00000000 alu_ctl=0 alu_result=82753000 branch=0 jump=0 pc_src=0 pc_target=82753120 rd=t2 regwrite=1 memwrite=0
MEM: pc=0000011c addr=06578f07 we=0000 wdata=00000000 rdata=00628263 alu_result=06578f07 rd=t2 result_src=0 regwrite=1
WB : pc=00000118 rd=a6(16) regwrite=1 result_src=0 wb_result=0000000a alu_result=0000000a
=====================================================

================ Pipeline Cycle 82 ================
Hazard ctrl: stall_f=0 stall_d=0 flush_f=0 flush_d=0 flush_e=0
IF : pc=0000012c instr=57792d17 op=auipc rs1=s2 rs2=s7 rd=s10 imem_addr=00000130
ID : pc=00000128 instr=01eb1293 op=slli rs1=s6 rs2=t5 rd=t0 imm=ffffffe6
EX : pc=00000124 rd1=00000001 rd2=00000000 alu_ctl=3 alu_result=00000000 branch=0 jump=0 pc_src=0 pc_target=0000010a rd=a6 regwrite=1 memwrite=0
MEM: pc=00000120 addr=82753000 we=0000 wdata=00000000 rdata=00000000 alu_result=82753000 rd=t2 result_src=0 regwrite=1
WB : pc=0000011c rd=t2(7) regwrite=1 result_src=0 wb_result=06578f07 alu_result=06578f07
=====================================================

================ Pipeline Cycle 83 ================
Hazard ctrl: stall_f=0 stall_d=0 flush_f=0 flush_d=0 flush_e=0
IF : pc=00000130 instr=0080e733 op=or rs1=ra rs2=s0 rd=a4 imem_addr=00000134
ID : pc=0000012c instr=57792d17 op=auipc rs1=s2 rs2=s7 rd=s10 imm=0000001e
EX : pc=00000128 rd1=d54d8fef rd2=00000000 alu_ctl=2 alu_result=c0000000 branch=0 jump=0 pc_src=0 pc_target=00000146 rd=t0 regwrite=1 memwrite=0
MEM: pc=00000124 addr=00000000 we=0000 wdata=00000000 rdata=00000000 alu_result=00000000 rd=a6 result_src=0 regwrite=1
WB : pc=00000120 rd=t2(7) regwrite=1 result_src=0 wb_result=82753000 alu_result=82753000
=====================================================

================ Pipeline Cycle 84 ================
Hazard ctrl: stall_f=0 stall_d=0 flush_f=0 flush_d=0 flush_e=0
IF : pc=00000134 instr=01035813 op=srli rs1=t1 rs2=a6 rd=a6 imem_addr=00000138
ID : pc=00000130 instr=0080e733 op=or rs1=ra rs2=s0 rd=a4 imm=57792000
EX : pc=0000012c rd1=00000000 rd2=00000000 alu_ctl=0 alu_result=5779212c branch=0 jump=0 pc_src=0 pc_target=5779212c rd=s10 regwrite=1 memwrite=0
MEM: pc=00000128 addr=c0000000 we=0000 wdata=00000000 rdata=f14022f3 alu_result=c0000000 rd=t0 result_src=0 regwrite=1
WB : pc=00000124 rd=a6(16) regwrite=1 result_src=0 wb_result=00000000 alu_result=00000000
=====================================================

================ Pipeline Cycle 85 ================
Hazard ctrl: stall_f=0 stall_d=0 flush_f=0 flush_d=0 flush_e=0
IF : pc=00000138 instr=81222b13 op=slti rs1=tp rs2=s2 rd=s6 imem_addr=0000013c
ID : pc=00000134 instr=01035813 op=srli rs1=t1 rs2=a6 rd=a6 imm=00000000
EX : pc=00000130 rd1=00000292 rd2=00000001 alu_ctl=8 alu_result=00000293 branch=0 jump=0 pc_src=0 pc_target=00000130 rd=a4 regwrite=1 memwrite=0
MEM: pc=0000012c addr=5779212c we=0000 wdata=00000000 rdata=f14022f3 alu_result=5779212c rd=s10 result_src=0 regwrite=1
WB : pc=00000128 rd=t0(5) regwrite=1 result_src=0 wb_result=c0000000 alu_result=c0000000
=====================================================

================ Pipeline Cycle 86 ================
Hazard ctrl: stall_f=0 stall_d=0 flush_f=0 flush_d=0 flush_e=0
IF : pc=0000013c instr=01a1b533 op=sltu rs1=gp rs2=s10 rd=a0 imem_addr=00000140
ID : pc=00000138 instr=81222b13 op=slti rs1=tp rs2=s2 rd=s6 imm=00000010
EX : pc=00000134 rd1=80000000 rd2=00000000 alu_ctl=6 alu_result=00008000 branch=0 jump=0 pc_src=0 pc_target=00000144 rd=a6 regwrite=1 memwrite=0
MEM: pc=00000130 addr=00000293 we=0000 wdata=00000001 rdata=00000000 alu_result=00000293 rd=a4 result_src=0 regwrite=1
WB : pc=0000012c rd=s10(26) regwrite=1 result_src=0 wb_result=5779212c alu_result=5779212c
=====================================================

================ Pipeline Cycle 87 ================
Hazard ctrl: stall_f=0 stall_d=0 flush_f=0 flush_d=0 flush_e=0
IF : pc=00000140 instr=403ed033 op=sra rs1=t4 rs2=gp rd=zero imem_addr=00000144
ID : pc=0000013c instr=01a1b533 op=sltu rs1=gp rs2=s10 rd=a0 imm=fffff812
EX : pc=00000138 rd1=00000000 rd2=00000000 alu_ctl=3 alu_result=00000000 branch=0 jump=0 pc_src=0 pc_target=fffff94a rd=s6 regwrite=1 memwrite=0
MEM: pc=00000134 addr=00008000 we=0000 wdata=00000000 rdata=00000000 alu_result=00008000 rd=a6 result_src=0 regwrite=1
WB : pc=00000130 rd=a4(14) regwrite=1 result_src=0 wb_result=00000293 alu_result=00000293
=====================================================

================ Pipeline Cycle 88 ================
Hazard ctrl: stall_f=0 stall_d=0 flush_f=0 flush_d=0 flush_e=0
IF : pc=00000144 instr=00000f97 op=auipc rs1=zero rs2=zero rd=t6 imem_addr=00000148
ID : pc=00000140 instr=403ed033 op=sra rs1=t4 rs2=gp rd=zero imm=00000000
EX : pc=0000013c rd1=00000000 rd2=5779212c alu_ctl=4 alu_result=00000001 branch=0 jump=0 pc_src=0 pc_target=0000013c rd=a0 regwrite=1 memwrite=0
MEM: pc=00000138 addr=00000000 we=0000 wdata=00000000 rdata=00000000 alu_result=00000000 rd=s6 result_src=0 regwrite=1
WB : pc=00000134 rd=a6(16) regwrite=1 result_src=0 wb_result=00008000 alu_result=00008000
=====================================================

================ Pipeline Cycle 89 ================
Hazard ctrl: stall_f=0 stall_d=0 flush_f=0 flush_d=0 flush_e=0
IF : pc=00000148 instr=00cf8f93 op=addi rs1=t6 rs2=a2 rd=t6 imem_addr=0000014c
ID : pc=00000144 instr=00000f97 op=auipc rs1=zero rs2=zero rd=t6 imm=00000000
EX : pc=00000140 rd1=00007e64 rd2=00000000 alu_ctl=7 alu_result=00007e64 branch=0 jump=0 pc_src=0 pc_target=00000140 rd=zero regwrite=1 memwrite=0
MEM: pc=0000013c addr=00000001 we=0000 wdata=00000000 rdata=f14022f3 alu_result=00000001 rd=a0 result_src=0 regwrite=1
WB : pc=00000138 rd=s6(22) regwrite=1 result_src=0 wb_result=00000000 alu_result=00000000
=====================================================

================ Pipeline Cycle 90 ================
Hazard ctrl: stall_f=0 stall_d=0 flush_f=0 flush_d=0 flush_e=0
IF : pc=0000014c instr=000f8067 op=jalr rs1=t6 rs2=zero rd=zero imem_addr=00000150
ID : pc=00000148 instr=00cf8f93 op=addi rs1=t6 rs2=a2 rd=t6 imm=00000000
EX : pc=00000144 rd1=00000000 rd2=00000000 alu_ctl=0 alu_result=00000144 branch=0 jump=0 pc_src=0 pc_target=00000144 rd=t6 regwrite=1 memwrite=0
MEM: pc=00000140 addr=00007e64 we=0000 wdata=00000000 rdata=f14022f3 alu_result=00007e64 rd=zero result_src=0 regwrite=1
WB : pc=0000013c rd=a0(10) regwrite=1 result_src=0 wb_result=00000001 alu_result=00000001
=====================================================

================ Pipeline Cycle 91 ================
Hazard ctrl: stall_f=0 stall_d=0 flush_f=0 flush_d=0 flush_e=0
IF : pc=00000150 instr=00100193 op=addi rs1=zero rs2=ra rd=gp imem_addr=00000154
ID : pc=0000014c instr=000f8067 op=jalr rs1=t6 rs2=zero rd=zero imm=0000000c
EX : pc=00000148 rd1=0000000a rd2=00000000 alu_ctl=0 alu_result=00000150 branch=0 jump=0 pc_src=0 pc_target=00000154 rd=t6 regwrite=1 memwrite=0
MEM: pc=00000144 addr=00000144 we=0000 wdata=00000000 rdata=00000000 alu_result=00000144 rd=t6 result_src=0 regwrite=1
WB : pc=00000140 rd=zero(0) regwrite=1 result_src=0 wb_result=00007e64 alu_result=00007e64
=====================================================

================ Pipeline Cycle 92 ================
Hazard ctrl: stall_f=0 stall_d=0 flush_f=1 flush_d=1 flush_e=1
IF : pc=00000154 instr=0040006f op=jal rs1=zero rs2=tp rd=zero imem_addr=00000158
ID : pc=00000150 instr=00100193 op=addi rs1=zero rs2=ra rd=gp imm=00000000
EX : pc=0000014c rd1=0000000a rd2=00000000 alu_ctl=0 alu_result=00000150 branch=0 jump=1 pc_src=1 pc_target=00000150 rd=zero regwrite=1 memwrite=0
MEM: pc=00000148 addr=00000150 we=0000 wdata=00000000 rdata=00000f97 alu_result=00000150 rd=t6 result_src=0 regwrite=1
WB : pc=00000144 rd=t6(31) regwrite=1 result_src=0 wb_result=00000144 alu_result=00000144
=====================================================

================ Pipeline Cycle 93 ================
Hazard ctrl: stall_f=0 stall_d=0 flush_f=1 flush_d=1 flush_e=1
IF : pc=00000158 instr=00001f17 op=auipc rs1=zero rs2=zero rd=t5 imem_addr=00000150
ID : pc=00000000 instr=00000000 op=unknown rs1=zero rs2=zero rd=zero imm=00000000
EX : pc=00000000 rd1=00000000 rd2=00000000 alu_ctl=0 alu_result=00000000 branch=0 jump=0 pc_src=0 pc_target=00000000 rd=zero regwrite=0 memwrite=0
MEM: pc=0000014c addr=00000150 we=0000 wdata=00000000 rdata=00100193 alu_result=00000150 rd=zero result_src=2 regwrite=1
WB : pc=00000148 rd=t6(31) regwrite=1 result_src=0 wb_result=00000150 alu_result=00000150
=====================================================

================ Pipeline Cycle 94 ================
Hazard ctrl: stall_f=0 stall_d=0 flush_f=0 flush_d=0 flush_e=0
IF : pc=00000150 instr=00100193 op=addi rs1=zero rs2=ra rd=gp imem_addr=00000154
ID : pc=00000000 instr=00000000 op=unknown rs1=zero rs2=zero rd=zero imm=00000000
EX : pc=00000000 rd1=00000000 rd2=00000000 alu_ctl=0 alu_result=00000000 branch=0 jump=0 pc_src=0 pc_target=00000000 rd=zero regwrite=0 memwrite=0
MEM: pc=00000000 addr=00000000 we=0000 wdata=00000000 rdata=00100193 alu_result=00000000 rd=zero result_src=0 regwrite=0
WB : pc=0000014c rd=zero(0) regwrite=1 result_src=2 wb_result=00000150 alu_result=00000150
=====================================================

================ Pipeline Cycle 95 ================
Hazard ctrl: stall_f=0 stall_d=0 flush_f=0 flush_d=0 flush_e=0
IF : pc=00000154 instr=0040006f op=jal rs1=zero rs2=tp rd=zero imem_addr=00000158
ID : pc=00000150 instr=00100193 op=addi rs1=zero rs2=ra rd=gp imm=00000000
EX : pc=00000000 rd1=00000000 rd2=00000000 alu_ctl=0 alu_result=00000000 branch=0 jump=0 pc_src=0 pc_target=00000000 rd=zero regwrite=0 memwrite=0
MEM: pc=00000000 addr=00000000 we=0000 wdata=00000000 rdata=f14022f3 alu_result=00000000 rd=zero result_src=0 regwrite=0
WB : pc=00000000 rd=zero(0) regwrite=0 result_src=0 wb_result=00000000 alu_result=00000000
=====================================================

================ Pipeline Cycle 96 ================
Hazard ctrl: stall_f=0 stall_d=0 flush_f=0 flush_d=0 flush_e=0
IF : pc=00000158 instr=00001f17 op=auipc rs1=zero rs2=zero rd=t5 imem_addr=0000015c
ID : pc=00000154 instr=0040006f op=jal rs1=zero rs2=tp rd=zero imm=00000001
EX : pc=00000150 rd1=00000000 rd2=00000000 alu_ctl=0 alu_result=00000001 branch=0 jump=0 pc_src=0 pc_target=00000151 rd=gp regwrite=1 memwrite=0
MEM: pc=00000000 addr=00000000 we=0000 wdata=00000000 rdata=f14022f3 alu_result=00000000 rd=zero result_src=0 regwrite=0
WB : pc=00000000 rd=zero(0) regwrite=0 result_src=0 wb_result=00000000 alu_result=00000000
=====================================================

================ Pipeline Cycle 97 ================
Hazard ctrl: stall_f=0 stall_d=0 flush_f=1 flush_d=1 flush_e=1
IF : pc=0000015c instr=ea3f2423 op=sw rs1=t5 rs2=gp rd=s0 imem_addr=00000160
ID : pc=00000158 instr=00001f17 op=auipc rs1=zero rs2=zero rd=t5 imm=00000004
EX : pc=00000154 rd1=00000000 rd2=00000000 alu_ctl=0 alu_result=00000154 branch=0 jump=1 pc_src=1 pc_target=00000158 rd=zero regwrite=1 memwrite=0
MEM: pc=00000150 addr=00000001 we=0000 wdata=00000000 rdata=f14022f3 alu_result=00000001 rd=gp result_src=0 regwrite=1
WB : pc=00000000 rd=zero(0) regwrite=0 result_src=0 wb_result=00000000 alu_result=00000000
=====================================================

================ Pipeline Cycle 98 ================
Hazard ctrl: stall_f=0 stall_d=0 flush_f=1 flush_d=1 flush_e=1
IF : pc=00000160 instr=ff9ff06f op=jal rs1=t6 rs2=s9 rd=zero imem_addr=00000158
ID : pc=00000000 instr=00000000 op=unknown rs1=zero rs2=zero rd=zero imm=00000000
EX : pc=00000000 rd1=00000000 rd2=00000000 alu_ctl=0 alu_result=00000000 branch=0 jump=0 pc_src=0 pc_target=00000000 rd=zero regwrite=0 memwrite=0
MEM: pc=00000154 addr=00000154 we=0000 wdata=00000000 rdata=f14022f3 alu_result=00000154 rd=zero result_src=2 regwrite=1
WB : pc=00000150 rd=gp(3) regwrite=1 result_src=0 wb_result=00000001 alu_result=00000001
=====================================================

================ Pipeline Cycle 99 ================
Hazard ctrl: stall_f=0 stall_d=0 flush_f=0 flush_d=0 flush_e=0
IF : pc=00000158 instr=00001f17 op=auipc rs1=zero rs2=zero rd=t5 imem_addr=0000015c
ID : pc=00000000 instr=00000000 op=unknown rs1=zero rs2=zero rd=zero imm=00000000
EX : pc=00000000 rd1=00000000 rd2=00000000 alu_ctl=0 alu_result=00000000 branch=0 jump=0 pc_src=0 pc_target=00000000 rd=zero regwrite=0 memwrite=0
MEM: pc=00000000 addr=00000000 we=0000 wdata=00000000 rdata=0040006f alu_result=00000000 rd=zero result_src=0 regwrite=0
WB : pc=00000154 rd=zero(0) regwrite=1 result_src=2 wb_result=00000158 alu_result=00000154
=====================================================

================ Pipeline Cycle 100 ================
Hazard ctrl: stall_f=0 stall_d=0 flush_f=0 flush_d=0 flush_e=0
IF : pc=0000015c instr=ea3f2423 op=sw rs1=t5 rs2=gp rd=s0 imem_addr=00000160
ID : pc=00000158 instr=00001f17 op=auipc rs1=zero rs2=zero rd=t5 imm=00000000
EX : pc=00000000 rd1=00000000 rd2=00000000 alu_ctl=0 alu_result=00000000 branch=0 jump=0 pc_src=0 pc_target=00000000 rd=zero regwrite=0 memwrite=0
MEM: pc=00000000 addr=00000000 we=0000 wdata=00000000 rdata=f14022f3 alu_result=00000000 rd=zero result_src=0 regwrite=0
WB : pc=00000000 rd=zero(0) regwrite=0 result_src=0 wb_result=00000000 alu_result=00000000
=====================================================

================ Pipeline Cycle 101 ================
Hazard ctrl: stall_f=0 stall_d=0 flush_f=0 flush_d=0 flush_e=0
IF : pc=00000160 instr=ff9ff06f op=jal rs1=t6 rs2=s9 rd=zero imem_addr=00000164
ID : pc=0000015c instr=ea3f2423 op=sw rs1=t5 rs2=gp rd=s0 imm=00001000
EX : pc=00000158 rd1=00000000 rd2=00000000 alu_ctl=0 alu_result=00001158 branch=0 jump=0 pc_src=0 pc_target=00001158 rd=t5 regwrite=1 memwrite=0
MEM: pc=00000000 addr=00000000 we=0000 wdata=00000000 rdata=f14022f3 alu_result=00000000 rd=zero result_src=0 regwrite=0
WB : pc=00000000 rd=zero(0) regwrite=0 result_src=0 wb_result=00000000 alu_result=00000000
=====================================================

================ Pipeline Cycle 102 ================
Hazard ctrl: stall_f=0 stall_d=0 flush_f=0 flush_d=0 flush_e=0
IF : pc=00000164 instr=00000000 op=unknown rs1=zero rs2=zero rd=zero imem_addr=00000168
ID : pc=00000160 instr=ff9ff06f op=jal rs1=t6 rs2=s9 rd=zero imm=fffffea8
EX : pc=0000015c rd1=00000000 rd2=00000001 alu_ctl=0 alu_result=00001000 branch=0 jump=0 pc_src=0 pc_target=00000004 rd=zero regwrite=0 memwrite=1
MEM: pc=00000158 addr=00001158 we=0000 wdata=00000000 rdata=f14022f3 alu_result=00001158 rd=t5 result_src=0 regwrite=1
WB : pc=00000000 rd=zero(0) regwrite=0 result_src=0 wb_result=00000000 alu_result=00000000
=====================================================

================ Pipeline Cycle 103 ================
Hazard ctrl: stall_f=0 stall_d=0 flush_f=1 flush_d=1 flush_e=1
IF : pc=00000168 instr=00000000 op=unknown rs1=zero rs2=zero rd=zero imem_addr=0000016c
ID : pc=00000164 instr=00000000 op=unknown rs1=zero rs2=zero rd=zero imm=fffffff8
EX : pc=00000160 rd1=00000000 rd2=00000000 alu_ctl=0 alu_result=00000160 branch=0 jump=1 pc_src=1 pc_target=00000158 rd=zero regwrite=1 memwrite=0
MEM: pc=0000015c addr=00001000 we=1111 wdata=00000001 rdata=10111213 alu_result=00001000 rd=zero result_src=0 regwrite=0
WB : pc=00000158 rd=t5(30) regwrite=1 result_src=0 wb_result=00001158 alu_result=00001158
=====================================================

dut.watch_tohost: memory[tohost] written <1> at time              1055000
dut.extract_signature: begin_signature not specified.
- riscof/dut.sv:31: Verilog $finish
================ Pipeline Cycle 104 ================
Hazard ctrl: stall_f=0 stall_d=0 flush_f=1 flush_d=1 flush_e=1
IF : pc=0000016c instr=00000000 op=unknown rs1=zero rs2=zero rd=zero imem_addr=00000158
ID : pc=00000000 instr=00000000 op=unknown rs1=zero rs2=zero rd=zero imm=00000000
EX : pc=00000000 rd1=00000000 rd2=00000000 alu_ctl=0 alu_result=00000000 branch=0 jump=0 pc_src=0 pc_target=00000000 rd=zero regwrite=0 memwrite=0
MEM: pc=00000160 addr=00000160 we=0000 wdata=00000000 rdata=00000000 alu_result=00000160 rd=zero result_src=2 regwrite=1
WB : pc=0000015c rd=zero(0) regwrite=0 result_src=0 wb_result=00001000 alu_result=00001000
=====================================================

- S i m u l a t i o n   R e p o r t: Verilator 5.049 devel
- Verilator: $finish at 1us; walltime 0.034 s; speed 30.846 us/s
- Verilator: cpu 0.009 s on 1 threads; allocated 8 MB
